Component: ARM Compiler 5.06 update 6 (build 750) Tool: armlink [4d35ed]

==============================================================================

Section Cross References

    startup_stm32f407xx.o(RESET) refers to startup_stm32f407xx.o(STACK) for __initial_sp
    startup_stm32f407xx.o(RESET) refers to startup_stm32f407xx.o(.text) for Reset_Handler
    startup_stm32f407xx.o(RESET) refers to stm32f4xx_it.o(i.NMI_Handler) for NMI_Handler
    startup_stm32f407xx.o(RESET) refers to stm32f4xx_it.o(i.HardFault_Handler) for HardFault_Handler
    startup_stm32f407xx.o(RESET) refers to stm32f4xx_it.o(i.MemManage_Handler) for MemManage_Handler
    startup_stm32f407xx.o(RESET) refers to stm32f4xx_it.o(i.BusFault_Handler) for BusFault_Handler
    startup_stm32f407xx.o(RESET) refers to stm32f4xx_it.o(i.UsageFault_Handler) for UsageFault_Handler
    startup_stm32f407xx.o(RESET) refers to stm32f4xx_it.o(i.SVC_Handler) for SVC_Handler
    startup_stm32f407xx.o(RESET) refers to stm32f4xx_it.o(i.DebugMon_Handler) for DebugMon_Handler
    startup_stm32f407xx.o(RESET) refers to stm32f4xx_it.o(i.PendSV_Handler) for PendSV_Handler
    startup_stm32f407xx.o(RESET) refers to stm32f4xx_it.o(i.SysTick_Handler) for SysTick_Handler
    startup_stm32f407xx.o(RESET) refers to stm32f4xx_it.o(i.TIM3_IRQHandler) for TIM3_IRQHandler
    startup_stm32f407xx.o(RESET) refers to stm32f4xx_it.o(i.DMA2_Stream2_IRQHandler) for DMA2_Stream2_IRQHandler
    startup_stm32f407xx.o(RESET) refers to stm32f4xx_it.o(i.OTG_FS_IRQHandler) for OTG_FS_IRQHandler
    startup_stm32f407xx.o(.text) refers to system_stm32f4xx.o(i.SystemInit) for SystemInit
    startup_stm32f407xx.o(.text) refers to entry.o(.ARM.Collect$$$$00000000) for __main
    main.o(i.HAL_TIM_PeriodElapsedCallback) refers to stm32f4xx_hal_gpio.o(i.HAL_GPIO_TogglePin) for HAL_GPIO_TogglePin
    main.o(i.HAL_TIM_PeriodElapsedCallback) refers to stm32f4xx_hal_adc.o(i.HAL_ADC_Start_DMA) for HAL_ADC_Start_DMA
    main.o(i.HAL_TIM_PeriodElapsedCallback) refers to stm32f4xx_hal_adc.o(i.HAL_ADC_Stop_DMA) for HAL_ADC_Stop_DMA
    main.o(i.HAL_TIM_PeriodElapsedCallback) refers to printf6.o(i.__0sprintf$6) for __2sprintf
    main.o(i.HAL_TIM_PeriodElapsedCallback) refers to strlen.o(.text) for strlen
    main.o(i.HAL_TIM_PeriodElapsedCallback) refers to usbd_cdc_if.o(i.CDC_Transmit_FS) for CDC_Transmit_FS
    main.o(i.HAL_TIM_PeriodElapsedCallback) refers to main.o(.data) for .data
    main.o(i.HAL_TIM_PeriodElapsedCallback) refers to main.o(.bss) for .bss
    main.o(i.MX_ADC2_Init) refers to stm32f4xx_hal_adc.o(i.HAL_ADC_Init) for HAL_ADC_Init
    main.o(i.MX_ADC2_Init) refers to stm32f4xx_hal_adc.o(i.HAL_ADC_ConfigChannel) for HAL_ADC_ConfigChannel
    main.o(i.MX_ADC2_Init) refers to main.o(.bss) for .bss
    main.o(i.MX_GPIO_Init) refers to memseta.o(.text) for __aeabi_memclr4
    main.o(i.MX_GPIO_Init) refers to stm32f4xx_hal_gpio.o(i.HAL_GPIO_WritePin) for HAL_GPIO_WritePin
    main.o(i.MX_GPIO_Init) refers to stm32f4xx_hal_gpio.o(i.HAL_GPIO_Init) for HAL_GPIO_Init
    main.o(i.MX_TIM3_Init) refers to stm32f4xx_hal_tim.o(i.HAL_TIM_Base_Init) for HAL_TIM_Base_Init
    main.o(i.MX_TIM3_Init) refers to stm32f4xx_hal_tim.o(i.HAL_TIM_ConfigClockSource) for HAL_TIM_ConfigClockSource
    main.o(i.MX_TIM3_Init) refers to stm32f4xx_hal_tim_ex.o(i.HAL_TIMEx_MasterConfigSynchronization) for HAL_TIMEx_MasterConfigSynchronization
    main.o(i.MX_TIM3_Init) refers to main.o(.bss) for .bss
    main.o(i.SystemClock_Config) refers to memseta.o(.text) for __aeabi_memclr4
    main.o(i.SystemClock_Config) refers to stm32f4xx_hal_rcc.o(i.HAL_RCC_OscConfig) for HAL_RCC_OscConfig
    main.o(i.SystemClock_Config) refers to stm32f4xx_hal_rcc.o(i.HAL_RCC_ClockConfig) for HAL_RCC_ClockConfig
    main.o(i.main) refers to stm32f4xx_hal.o(i.HAL_Init) for HAL_Init
    main.o(i.main) refers to main.o(i.SystemClock_Config) for SystemClock_Config
    main.o(i.main) refers to main.o(i.MX_GPIO_Init) for MX_GPIO_Init
    main.o(i.main) refers to stm32f4xx_hal_cortex.o(i.HAL_NVIC_SetPriority) for HAL_NVIC_SetPriority
    main.o(i.main) refers to stm32f4xx_hal_cortex.o(i.HAL_NVIC_EnableIRQ) for HAL_NVIC_EnableIRQ
    main.o(i.main) refers to main.o(i.MX_TIM3_Init) for MX_TIM3_Init
    main.o(i.main) refers to main.o(i.MX_ADC2_Init) for MX_ADC2_Init
    main.o(i.main) refers to usb_device.o(i.MX_USB_DEVICE_Init) for MX_USB_DEVICE_Init
    main.o(i.main) refers to stm32f4xx_hal_tim.o(i.HAL_TIM_Base_Start_IT) for HAL_TIM_Base_Start_IT
    main.o(i.main) refers to stm32f4xx_hal_adc.o(i.HAL_ADC_Start_DMA) for HAL_ADC_Start_DMA
    main.o(i.main) refers to main.o(.bss) for .bss
    main.o(i.main) refers to main.o(.data) for .data
    usb_device.o(i.MX_USB_DEVICE_Init) refers to usbd_core.o(i.USBD_Init) for USBD_Init
    usb_device.o(i.MX_USB_DEVICE_Init) refers to main.o(i.Error_Handler) for Error_Handler
    usb_device.o(i.MX_USB_DEVICE_Init) refers to usbd_core.o(i.USBD_RegisterClass) for USBD_RegisterClass
[...]
    i.HAL_TIM_PWM_PulseFinishedCallback      0x080022a6   Section        0  stm32f4xx_hal_tim.o(i.HAL_TIM_PWM_PulseFinishedCallback)
    i.HAL_TIM_PeriodElapsedCallback          0x080022a8   Section        0  main.o(i.HAL_TIM_PeriodElapsedCallback)
    i.HAL_TIM_TriggerCallback                0x0800235c   Section        0  stm32f4xx_hal_tim.o(i.HAL_TIM_TriggerCallback)
    i.HardFault_Handler                      0x0800235e   Section        0  stm32f4xx_it.o(i.HardFault_Handler)
    i.IntToUnicode                           0x08002360   Section        0  usbd_desc.o(i.IntToUnicode)
    IntToUnicode                             0x08002361   Thumb Code    56  usbd_desc.o(i.IntToUnicode)
    i.MX_ADC2_Init                           0x08002398   Section        0  main.o(i.MX_ADC2_Init)
    MX_ADC2_Init                             0x08002399   Thumb Code    74  main.o(i.MX_ADC2_Init)
    i.MX_GPIO_Init                           0x080023f0   Section        0  main.o(i.MX_GPIO_Init)
    MX_GPIO_Init                             0x080023f1   Thumb Code   116  main.o(i.MX_GPIO_Init)
    i.MX_TIM3_Init                           0x08002470   Section        0  main.o(i.MX_TIM3_Init)
    MX_TIM3_Init                             0x08002471   Thumb Code    74  main.o(i.MX_TIM3_Init)
    i.MX_USB_DEVICE_Init                     0x080024c4   Section        0  usb_device.o(i.MX_USB_DEVICE_Init)
    i.MemManage_Handler                      0x08002518   Section        0  stm32f4xx_it.o(i.MemManage_Handler)
    i.NMI_Handler                            0x0800251a   Section        0  stm32f4xx_it.o(i.NMI_Handler)
    i.OTG_FS_IRQHandler                      0x0800251c   Section        0  stm32f4xx_it.o(i.OTG_FS_IRQHandler)
    i.PCD_EP_OutXfrComplete_int              0x08002528   Section        0  stm32f4xx_hal_pcd.o(i.PCD_EP_OutXfrComplete_int)
    PCD_EP_OutXfrComplete_int                0x08002529   Thumb Code   212  stm32f4xx_hal_pcd.o(i.PCD_EP_OutXfrComplete_int)
    i.PCD_WriteEmptyTxFifo                   0x08002604   Section        0  stm32f4xx_hal_pcd.o(i.PCD_WriteEmptyTxFifo)
    PCD_WriteEmptyTxFifo                     0x08002605   Thumb Code   162  stm32f4xx_hal_pcd.o(i.PCD_WriteEmptyTxFifo)
    i.PendSV_Handler                         0x080026a6   Section        0  stm32f4xx_it.o(i.PendSV_Handler)
    i.SVC_Handler                            0x080026a8   Section        0  stm32f4xx_it.o(i.SVC_Handler)
    i.SysTick_Handler                        0x080026aa   Section        0  stm32f4xx_it.o(i.SysTick_Handler)
    i.SystemClock_Config                     0x080026b0   Section        0  main.o(i.SystemClock_Config)
    i.SystemInit                             0x08002730   Section        0  system_stm32f4xx.o(i.SystemInit)
    i.TIM3_IRQHandler                        0x0800274c   Section        0  stm32f4xx_it.o(i.TIM3_IRQHandler)
    i.TIM_Base_SetConfig                     0x08002758   Section        0  stm32f4xx_hal_tim.o(i.TIM_Base_SetConfig)
    i.TIM_ETR_SetConfig                      0x08002820   Section        0  stm32f4xx_hal_tim.o(i.TIM_ETR_SetConfig)
    i.TIM_ITRx_SetConfig                     0x08002834   Section        0  stm32f4xx_hal_tim.o(i.TIM_ITRx_SetConfig)
    TIM_ITRx_SetConfig                       0x08002835   Thumb Code    16  stm32f4xx_hal_tim.o(i.TIM_ITRx_SetConfig)
    i.TIM_TI1_ConfigInputStage               0x08002844   Section        0  stm32f4xx_hal_tim.o(i.TIM_TI1_ConfigInputStage)
    TIM_TI1_ConfigInputStage                 0x08002845   Thumb Code    34  stm32f4xx_hal_tim.o(i.TIM_TI1_ConfigInputStage)
    i.TIM_TI2_ConfigInputStage               0x08002866   Section        0  stm32f4xx_hal_tim.o(i.TIM_TI2_ConfigInputStage)
    TIM_TI2_ConfigInputStage                 0x08002867   Thumb Code    36  stm32f4xx_hal_tim.o(i.TIM_TI2_ConfigInputStage)
    i.USBD_CDC_DataIn                        0x0800288a   Section        0  usbd_cdc.o(i.USBD_CDC_DataIn)
    USBD_CDC_DataIn                          0x0800288b   Thumb Code    74  usbd_cdc.o(i.USBD_CDC_DataIn)
    i.USBD_CDC_DataOut                       0x080028d4   Section        0  usbd_cdc.o(i.USBD_CDC_DataOut)
    USBD_CDC_DataOut                         0x080028d5   Thumb Code    46  usbd_cdc.o(i.USBD_CDC_DataOut)
    i.USBD_CDC_DeInit                        0x08002902   Section        0  usbd_cdc.o(i.USBD_CDC_DeInit)
    USBD_CDC_DeInit                          0x08002903   Thumb Code    68  usbd_cdc.o(i.USBD_CDC_DeInit)
    i.USBD_CDC_EP0_RxReady                   0x08002946   Section        0  usbd_cdc.o(i.USBD_CDC_EP0_RxReady)
    USBD_CDC_EP0_RxReady                     0x08002947   Thumb Code    36  usbd_cdc.o(i.USBD_CDC_EP0_RxReady)
    i.USBD_CDC_GetDeviceQualifierDescriptor  0x0800296c   Section        0  usbd_cdc.o(i.USBD_CDC_GetDeviceQualifierDescriptor)
    i.USBD_CDC_GetFSCfgDesc                  0x08002978   Section        0  usbd_cdc.o(i.USBD_CDC_GetFSCfgDesc)
    USBD_CDC_GetFSCfgDesc                    0x08002979   Thumb Code     8  usbd_cdc.o(i.USBD_CDC_GetFSCfgDesc)
    i.USBD_CDC_GetHSCfgDesc                  0x08002984   Section        0  usbd_cdc.o(i.USBD_CDC_GetHSCfgDesc)
    USBD_CDC_GetHSCfgDesc                    0x08002985   Thumb Code     8  usbd_cdc.o(i.USBD_CDC_GetHSCfgDesc)
    i.USBD_CDC_GetOtherSpeedCfgDesc          0x08002990   Section        0  usbd_cdc.o(i.USBD_CDC_GetOtherSpeedCfgDesc)
    USBD_CDC_GetOtherSpeedCfgDesc            0x08002991   Thumb Code     8  usbd_cdc.o(i.USBD_CDC_GetOtherSpeedCfgDesc)
    i.USBD_CDC_Init                          0x0800299c   Section        0  usbd_cdc.o(i.USBD_CDC_Init)
    USBD_CDC_Init                            0x0800299d   Thumb Code   138  usbd_cdc.o(i.USBD_CDC_Init)
    i.USBD_CDC_ReceivePacket                 0x08002a26   Section        0  usbd_cdc.o(i.USBD_CDC_ReceivePacket)
    i.USBD_CDC_RegisterInterface             0x08002a4c   Section        0  usbd_cdc.o(i.USBD_CDC_RegisterInterface)
    i.USBD_CDC_SetRxBuffer                   0x08002a5c   Section        0  usbd_cdc.o(i.USBD_CDC_SetRxBuffer)
    i.USBD_CDC_SetTxBuffer                   0x08002a68   Section        0  usbd_cdc.o(i.USBD_CDC_SetTxBuffer)
    i.USBD_CDC_Setup                         0x08002a76   Section        0  usbd_cdc.o(i.USBD_CDC_Setup)
    USBD_CDC_Setup                           0x08002a77   Thumb Code   172  usbd_cdc.o(i.USBD_CDC_Setup)
    i.USBD_CDC_TransmitPacket                0x08002b22   Section        0  usbd_cdc.o(i.USBD_CDC_TransmitPacket)
    i.USBD_ClrClassConfig                    0x08002b56   Section        0  usbd_core.o(i.USBD_ClrClassConfig)
    i.USBD_CtlContinueRx                     0x08002b64   Section        0  usbd_ioreq.o(i.USBD_CtlContinueRx)
    i.USBD_CtlContinueSendData               0x08002b74   Section        0  usbd_ioreq.o(i.USBD_CtlContinueSendData)
    i.USBD_CtlError                          0x08002b84   Section        0  usbd_ctlreq.o(i.USBD_CtlError)
    i.USBD_CtlPrepareRx                      0x08002b9a   Section        0  usbd_ioreq.o(i.USBD_CtlPrepareRx)
    i.USBD_CtlReceiveStatus                  0x08002bb8   Section        0  usbd_ioreq.o(i.USBD_CtlReceiveStatus)
    i.USBD_CtlSendData                       0x08002bce   Section        0  usbd_ioreq.o(i.USBD_CtlSendData)
    i.USBD_CtlSendStatus                     0x08002be8   Section        0  usbd_ioreq.o(i.USBD_CtlSendStatus)
    i.USBD_FS_ConfigStrDescriptor            0x08002c00   Section        0  usbd_desc.o(i.USBD_FS_ConfigStrDescriptor)
    i.USBD_FS_DeviceDescriptor               0x08002c20   Section        0  usbd_desc.o(i.USBD_FS_DeviceDescriptor)
    i.USBD_FS_InterfaceStrDescriptor         0x08002c2c   Section        0  usbd_desc.o(i.USBD_FS_InterfaceStrDescriptor)
    i.USBD_FS_LangIDStrDescriptor            0x08002c50   Section        0  usbd_desc.o(i.USBD_FS_LangIDStrDescriptor)
    i.USBD_FS_ManufacturerStrDescriptor      0x08002c5c   Section        0  usbd_desc.o(i.USBD_FS_ManufacturerStrDescriptor)
    i.USBD_FS_ProductStrDescriptor           0x08002c84   Section        0  usbd_desc.o(i.USBD_FS_ProductStrDescriptor)
    i.USBD_FS_SerialStrDescriptor            0x08002cb0   Section        0  usbd_desc.o(i.USBD_FS_SerialStrDescriptor)
    i.USBD_GetDescriptor                     0x08002ce8   Section        0  usbd_ctlreq.o(i.USBD_GetDescriptor)
    USBD_GetDescriptor                       0x08002ce9   Thumb Code   232  usbd_ctlreq.o(i.USBD_GetDescriptor)
    i.USBD_GetString                         0x08002dd0   Section        0  usbd_ctlreq.o(i.USBD_GetString)
    i.USBD_Get_USB_Status                    0x08002e18   Section        0  usbd_conf.o(i.USBD_Get_USB_Status)
    i.USBD_Init                              0x08002e30   Section        0  usbd_core.o(i.USBD_Init)
    i.USBD_LL_ClearStallEP                   0x08002e5a   Section        0  usbd_conf.o(i.USBD_LL_ClearStallEP)
    i.USBD_LL_CloseEP                        0x08002e6c   Section        0  usbd_conf.o(i.USBD_LL_CloseEP)
    i.USBD_LL_DataInStage                    0x08002e7e   Section        0  usbd_core.o(i.USBD_LL_DataInStage)
    i.USBD_LL_DataOutStage                   0x08002f44   Section        0  usbd_core.o(i.USBD_LL_DataOutStage)
    i.USBD_LL_DevConnected                   0x08002fc6   Section        0  usbd_core.o(i.USBD_LL_DevConnected)
    i.USBD_LL_DevDisconnected                0x08002fca   Section        0  usbd_core.o(i.USBD_LL_DevDisconnected)
    i.USBD_LL_GetRxDataSize                  0x08002fe0   Section        0  usbd_conf.o(i.USBD_LL_GetRxDataSize)
    i.USBD_LL_Init                           0x08002fe8   Section        0  usbd_conf.o(i.USBD_LL_Init)
    i.USBD_LL_IsStallEP                      0x08003048   Section        0  usbd_conf.o(i.USBD_LL_IsStallEP)
    i.USBD_LL_IsoINIncomplete                0x08003068   Section        0  usbd_core.o(i.USBD_LL_IsoINIncomplete)
    i.USBD_LL_IsoOUTIncomplete               0x0800306c   Section        0  usbd_core.o(i.USBD_LL_IsoOUTIncomplete)
    i.USBD_LL_OpenEP                         0x08003070   Section        0  usbd_conf.o(i.USBD_LL_OpenEP)
    i.USBD_LL_PrepareReceive                 0x08003088   Section        0  usbd_conf.o(i.USBD_LL_PrepareReceive)
    i.USBD_LL_Reset                          0x0800309a   Section        0  usbd_core.o(i.USBD_LL_Reset)
    i.USBD_LL_Resume                         0x080030ea   Section        0  usbd_core.o(i.USBD_LL_Resume)
    i.USBD_LL_SOF                            0x080030f6   Section        0  usbd_core.o(i.USBD_LL_SOF)
    i.USBD_LL_SetSpeed                       0x0800310e   Section        0  usbd_core.o(i.USBD_LL_SetSpeed)
    i.USBD_LL_SetUSBAddress                  0x08003114   Section        0  usbd_conf.o(i.USBD_LL_SetUSBAddress)
    i.USBD_LL_SetupStage                     0x08003126   Section        0  usbd_core.o(i.USBD_LL_SetupStage)
    i.USBD_LL_StallEP                        0x08003180   Section        0  usbd_conf.o(i.USBD_LL_StallEP)
    i.USBD_LL_Start                          0x08003192   Section        0  usbd_conf.o(i.USBD_LL_Start)
    i.USBD_LL_Suspend                        0x080031a4   Section        0  usbd_core.o(i.USBD_LL_Suspend)
    i.USBD_LL_Transmit                       0x080031b6   Section        0  usbd_conf.o(i.USBD_LL_Transmit)
    i.USBD_ParseSetupRequest                 0x080031c8   Section        0  usbd_ctlreq.o(i.USBD_ParseSetupRequest)
    i.USBD_RegisterClass                     0x080031f0   Section        0  usbd_core.o(i.USBD_RegisterClass)
    i.USBD_SetClassConfig                    0x08003200   Section        0  usbd_core.o(i.USBD_SetClassConfig)
    i.USBD_SetConfig                         0x08003218   Section        0  usbd_ctlreq.o(i.USBD_SetConfig)
    USBD_SetConfig                           0x08003219   Thumb Code   128  usbd_ctlreq.o(i.USBD_SetConfig)
    i.USBD_Start                             0x0800329c   Section        0  usbd_core.o(i.USBD_Start)
    i.USBD_StdDevReq                         0x080032a6   Section        0  usbd_ctlreq.o(i.USBD_StdDevReq)
    i.USBD_StdEPReq                          0x080033b8   Section        0  usbd_ctlreq.o(i.USBD_StdEPReq)
    i.USBD_StdItfReq                         0x08003508   Section        0  usbd_ctlreq.o(i.USBD_StdItfReq)
    i.USB_ActivateEndpoint                   0x08003558   Section        0  stm32f4xx_ll_usb.o(i.USB_ActivateEndpoint)
    i.USB_ActivateSetup                      0x080035d8   Section        0  stm32f4xx_ll_usb.o(i.USB_ActivateSetup)
    i.USB_CoreInit                           0x0800360c   Section        0  stm32f4xx_ll_usb.o(i.USB_CoreInit)
    i.USB_CoreReset                          0x08003680   Section        0  stm32f4xx_ll_usb.o(i.USB_CoreReset)
    USB_CoreReset                            0x08003681   Thumb Code    50  stm32f4xx_ll_usb.o(i.USB_CoreReset)
    i.USB_DeactivateEndpoint                 0x080036b8   Section        0  stm32f4xx_ll_usb.o(i.USB_DeactivateEndpoint)
    i.USB_DevConnect                         0x08003738   Section        0  stm32f4xx_ll_usb.o(i.USB_DevConnect)
    i.USB_DevDisconnect                      0x08003750   Section        0  stm32f4xx_ll_usb.o(i.USB_DevDisconnect)
    i.USB_DevInit                            0x08003768   Section        0  stm32f4xx_ll_usb.o(i.USB_DevInit)
    i.USB_DisableGlobalInt                   0x080038f4   Section        0  stm32f4xx_ll_usb.o(i.USB_DisableGlobalInt)
    i.USB_EP0StartXfer                       0x08003900   Section        0  stm32f4xx_ll_usb.o(i.USB_EP0StartXfer)
    i.USB_EP0_OutStart                       0x08003a18   Section        0  stm32f4xx_ll_usb.o(i.USB_EP0_OutStart)
    i.USB_EPClearStall                       0x08003a70   Section        0  stm32f4xx_ll_usb.o(i.USB_EPClearStall)
    i.USB_EPSetStall                         0x08003ac8   Section        0  stm32f4xx_ll_usb.o(i.USB_EPSetStall)
    i.USB_EPStartXfer                        0x08003b20   Section        0  stm32f4xx_ll_usb.o(i.USB_EPStartXfer)
    i.USB_EnableGlobalInt                    0x08003d08   Section        0  stm32f4xx_ll_usb.o(i.USB_EnableGlobalInt)
    i.USB_FlushRxFifo                        0x08003d14   Section        0  stm32f4xx_ll_usb.o(i.USB_FlushRxFifo)
    i.USB_FlushTxFifo                        0x08003d34   Section        0  stm32f4xx_ll_usb.o(i.USB_FlushTxFifo)
    i.USB_GetDevSpeed                        0x08003d58   Section        0  stm32f4xx_ll_usb.o(i.USB_GetDevSpeed)
    i.USB_GetMode                            0x08003d72   Section        0  stm32f4xx_ll_usb.o(i.USB_GetMode)
    i.USB_ReadDevAllInEpInterrupt            0x08003d7a   Section        0  stm32f4xx_ll_usb.o(i.USB_ReadDevAllInEpInterrupt)
    i.USB_ReadDevAllOutEpInterrupt           0x08003d88   Section        0  stm32f4xx_ll_usb.o(i.USB_ReadDevAllOutEpInterrupt)
    i.USB_ReadDevInEPInterrupt               0x08003d96   Section        0  stm32f4xx_ll_usb.o(i.USB_ReadDevInEPInterrupt)
    i.USB_ReadDevOutEPInterrupt              0x08003dba   Section        0  stm32f4xx_ll_usb.o(i.USB_ReadDevOutEPInterrupt)
    i.USB_ReadInterrupts                     0x08003dca   Section        0  stm32f4xx_ll_usb.o(i.USB_ReadInterrupts)
    i.USB_ReadPacket                         0x08003dd2   Section        0  stm32f4xx_ll_usb.o(i.USB_ReadPacket)
    i.USB_SetCurrentMode                     0x08003dee   Section        0  stm32f4xx_ll_usb.o(i.USB_SetCurrentMode)
    i.USB_SetDevAddress                      0x08003e1c   Section        0  stm32f4xx_ll_usb.o(i.USB_SetDevAddress)
    i.USB_SetTurnaroundTime                  0x08003e40   Section        0  stm32f4xx_ll_usb.o(i.USB_SetTurnaroundTime)
    i.USB_WritePacket                        0x08003f28   Section        0  stm32f4xx_ll_usb.o(i.USB_WritePacket)
    i.UsageFault_Handler                     0x08003f4c   Section        0  stm32f4xx_it.o(i.UsageFault_Handler)
    i.__0sprintf$6                           0x08003f50   Section        0  printf6.o(i.__0sprintf$6)
    i.__NVIC_SetPriority                     0x08003f78   Section        0  stm32f4xx_hal_cortex.o(i.__NVIC_SetPriority)
    __NVIC_SetPriority                       0x08003f79   Thumb Code    32  stm32f4xx_hal_cortex.o(i.__NVIC_SetPriority)
    i.__scatterload_copy                     0x08003f98   Section       14  handlers.o(i.__scatterload_copy)
    i.__scatterload_null                     0x08003fa6   Section        2  handlers.o(i.__scatterload_null)
    i.__scatterload_zeroinit                 0x08003fa8   Section       14  handlers.o(i.__scatterload_zeroinit)
    i._printf_core                           0x08003fb8   Section        0  printf6.o(i._printf_core)
    _printf_core                             0x08003fb9   Thumb Code   748  printf6.o(i._printf_core)
    i._printf_post_padding                   0x080042a8   Section        0  printf6.o(i._printf_post_padding)
    _printf_post_padding                     0x080042a9   Thumb Code    36  printf6.o(i._printf_post_padding)
    i._printf_pre_padding                    0x080042cc   Section        0  printf6.o(i._printf_pre_padding)
    _printf_pre_padding                      0x080042cd   Thumb Code    46  printf6.o(i._printf_pre_padding)
    i._sputc                                 0x080042fa   Section        0  printf6.o(i._sputc)
    _sputc                                   0x080042fb   Thumb Code    10  printf6.o(i._sputc)
    i.free                                   0x08004304   Section        0  malloc.o(i.free)
    i.main                                   0x08004354   Section        0  main.o(i.main)
    i.malloc                                 0x080043b0   Section        0  malloc.o(i.malloc)
    .constdata                               0x0800441c   Section        8  stm32f4xx_hal_dma.o(.constdata)
    flagBitshiftOffset                       0x0800441c   Data           8  stm32f4xx_hal_dma.o(.constdata)
    .constdata                               0x08004424   Section       16  system_stm32f4xx.o(.constdata)
    .data                                    0x20000000   Section       16  main.o(.data)
    .data                                    0x20000010   Section       28  usbd_desc.o(.data)
    .data                                    0x2000002c   Section       50  usbd_desc.o(.data)
    .data                                    0x20000060   Section       16  usbd_cdc_if.o(.data)
    .data                                    0x20000070   Section       12  stm32f4xx_hal.o(.data)
    .data                                    0x2000007c   Section        4  system_stm32f4xx.o(.data)
    .data                                    0x20000080   Section        1  usbd_ctlreq.o(.data)
    cfgidx                                   0x20000080   Data           1  usbd_ctlreq.o(.data)
    .data                                    0x20000084   Section      215  usbd_cdc.o(.data)
    USBD_CDC_DeviceQualifierDesc             0x20000084   Data          10  usbd_cdc.o(.data)
    .data                                    0x2000015c   Section       56  usbd_cdc.o(.data)
    .data                                    0x20000194   Section        4  mvars.o(.data)
    .data                                    0x20000198   Section        4  mvars.o(.data)
    .bss                                     0x2000019c   Section    30166  main.o(.bss)
    .bss                                     0x20007774   Section       96  main.o(.bss)
    .bss                                     0x200077d4   Section      668  usb_device.o(.bss)
    .bss                                     0x20007a70   Section     1032  usbd_conf.o(.bss)
    .bss                                     0x20007e78   Section      512  usbd_desc.o(.bss)
    .bss                                     0x20008078   Section      128  usbd_cdc_if.o(.bss)
    HEAP                                     0x200080f8   Section      512  startup_stm32f407xx.o(HEAP)
    STACK                                    0x200082f8   Section     1024  startup_stm32f407xx.o(STACK)

    Global Symbols

    Symbol Name                              Value     Ov Type        Size  Object(Section)

    BuildAttributes$$THM_ISAv4$E$P$D$K$B$S$7EM$VFPi3$EXTD16$VFPS$VFMA$PE$A:L22UL41UL21$X:L11$S22US41US21$IEEE1$IW$USESV6$~STKCKD$USESV7$~SHL$OSPACE$ROPI$EBA8$MICROLIB$REQ8$PRES8$EABIv2 0x00000000   Number         0  anon$$obj.o ABSOLUTE
    __ARM_use_no_argv                        0x00000000   Number         0  main.o ABSOLUTE
    _printf_a                                0x00000000   Number         0  stubs.o ABSOLUTE
    _printf_c                                0x00000000   Number         0  stubs.o ABSOLUTE
    _printf_charcount                        0x00000000   Number         0  stubs.o ABSOLUTE
    _printf_d                                0x00000000   Number         0  stubs.o ABSOLUTE
    _printf_e                                0x00000000   Number         0  stubs.o ABSOLUTE
    _printf_f                                0x00000000   Number         0  stubs.o ABSOLUTE
    _printf_flags                            0x00000000   Number         0  stubs.o ABSOLUTE
    _printf_fp_dec                           0x00000000   Number         0  stubs.o ABSOLUTE
    _printf_fp_hex                           0x00000000   Number         0  stubs.o ABSOLUTE
    _printf_g                                0x00000000   Number         0  stubs.o ABSOLUTE
    _printf_i                                0x00000000   Number         0  stubs.o ABSOLUTE
    _printf_int_dec                          0x00000000   Number         0  stubs.o ABSOLUTE
    _printf_l                                0x00000000   Number         0  stubs.o ABSOLUTE
    _printf_lc                               0x00000000   Number         0  stubs.o ABSOLUTE
    _printf_ll                               0x00000000   Number         0  stubs.o ABSOLUTE
    _printf_lld                              0x00000000   Number         0  stubs.o ABSOLUTE
    _printf_lli                              0x00000000   Number         0  stubs.o ABSOLUTE
    _printf_llo                              0x00000000   Number         0  stubs.o ABSOLUTE
    _printf_llu                              0x00000000   Number         0  stubs.o ABSOLUTE
    _printf_llx                              0x00000000   Number         0  stubs.o ABSOLUTE
    _printf_longlong_dec                     0x00000000   Number         0  stubs.o ABSOLUTE
    _printf_longlong_hex                     0x00000000   Number         0  stubs.o ABSOLUTE
    _printf_longlong_oct                     0x00000000   Number         0  stubs.o ABSOLUTE
    _printf_ls                               0x00000000   Number         0  stubs.o ABSOLUTE
    _printf_mbtowc                           0x00000000   Number         0  stubs.o ABSOLUTE
    _printf_n                                0x00000000   Number         0  stubs.o ABSOLUTE
    _printf_o                                0x00000000   Number         0  stubs.o ABSOLUTE
    _printf_p                                0x00000000   Number         0  stubs.o ABSOLUTE
    _printf_percent                          0x00000000   Number         0  stubs.o ABSOLUTE
    _printf_pre_padding                      0x00000000   Number         0  stubs.o ABSOLUTE
    _printf_return_value                     0x00000000   Number         0  stubs.o ABSOLUTE
    _printf_s                                0x00000000   Number         0  stubs.o ABSOLUTE
    _printf_sizespec                         0x00000000   Number         0  stubs.o ABSOLUTE
    _printf_str                              0x00000000   Number         0  stubs.o ABSOLUTE
    _printf_truncate_signed                  0x00000000   Number         0  stubs.o ABSOLUTE
    _printf_truncate_unsigned                0x00000000   Number         0  stubs.o ABSOLUTE
    _printf_u                                0x00000000   Number         0  stubs.o ABSOLUTE
    _printf_wc                               0x00000000   Number         0  stubs.o ABSOLUTE
    _printf_wctomb                           0x00000000   Number         0  stubs.o ABSOLUTE
    _printf_widthprec                        0x00000000   Number         0  stubs.o ABSOLUTE
    _printf_x                                0x00000000   Number         0  stubs.o ABSOLUTE
    __cpp_initialize__aeabi_                  - Undefined Weak Reference
    __cxa_finalize                            - Undefined Weak Reference
    _clock_init                               - Undefined Weak Reference
    _microlib_exit                            - Undefined Weak Reference
    __Vectors_Size                           0x00000188   Number         0  startup_stm32f407xx.o ABSOLUTE
    __Vectors                                0x08000000   Data           4  startup_stm32f407xx.o(RESET)
    __Vectors_End                            0x08000188   Data           0  startup_stm32f407xx.o(RESET)
    __main                                   0x08000189   Thumb Code     0  entry.o(.ARM.Collect$$$$00000000)
    _main_stk                                0x08000189   Thumb Code     0  entry2.o(.ARM.Collect$$$$00000001)
    _main_scatterload                        0x0800018d   Thumb Code     0  entry5.o(.ARM.Collect$$$$00000004)
    __main_after_scatterload                 0x08000191   Thumb Code     0  entry5.o(.ARM.Collect$$$$00000004)
    _main_clock                              0x08000191   Thumb Code     0  entry7b.o(.ARM.Collect$$$$00000008)
    _main_cpp_init                           0x08000191   Thumb Code     0  entry8b.o(.ARM.Collect$$$$0000000A)
    _main_init                               0x08000191   Thumb Code     0  entry9a.o(.ARM.Collect$$$$0000000B)
    __rt_final_cpp                           0x08000199   Thumb Code     0  entry10a.o(.ARM.Collect$$$$0000000D)
    __rt_final_exit                          0x08000199   Thumb Code     0  entry11a.o(.ARM.Collect$$$$0000000F)
    Reset_Handler                            0x0800019d   Thumb Code     8  startup_stm32f407xx.o(.text)
    ADC_IRQHandler                           0x080001b7   Thumb Code     0  startup_stm32f407xx.o(.text)
    CAN1_RX0_IRQHandler                      0x080001b7   Thumb Code     0  startup_stm32f407xx.o(.text)
    CAN1_RX1_IRQHandler                      0x080001b7   Thumb Code     0  startup_stm32f407xx.o(.text)
    CAN1_SCE_IRQHandler                      0x080001b7   Thumb Code     0  startup_stm32f407xx.o(.text)
    CAN1_TX_IRQHandler                       0x080001b7   Thumb Code     0  startup_stm32f407xx.o(.text)
    CAN2_RX0_IRQHandler                      0x080001b7   Thumb Code     0  startup_stm32f407xx.o(.text)
    CAN2_RX1_IRQHandler                      0x080001b7   Thumb Code     0  startup_stm32f407xx.o(.text)
    CAN2_SCE_IRQHandler                      0x080001b7   Thumb Code     0  startup_stm32f407xx.o(.text)
    CAN2_TX_IRQHandler                       0x080001b7   Thumb Code     0  startup_stm32f407xx.o(.text)
    DCMI_IRQHandler                          0x080001b7   Thumb Code     0  startup_stm32f407xx.o(.text)
    DMA1_Stream0_IRQHandler                  0x080001b7   Thumb Code     0  startup_stm32f407xx.o(.text)
    DMA1_Stream1_IRQHandler                  0x080001b7   Thumb Code     0  startup_stm32f407xx.o(.text)
    DMA1_Stream2_IRQHandler                  0x080001b7   Thumb Code     0  startup_stm32f407xx.o(.text)
    DMA1_Stream3_IRQHandler                  0x080001b7   Thumb Code     0  startup_stm32f407xx.o(.text)
    DMA1_Stream4_IRQHandler                  0x080001b7   Thumb Code     0  startup_stm32f407xx.o(.text)
    DMA1_Stream5_IRQHandler                  0x080001b7   Thumb Code     0  startup_stm32f407xx.o(.text)
    DMA1_Stream6_IRQHandler                  0x080001b7   Thumb Code     0  startup_stm32f407xx.o(.text)
    DMA1_Stream7_IRQHandler                  0x080001b7   Thumb Code     0  startup_stm32f407xx.o(.text)
    DMA2_Stream0_IRQHandler                  0x080001b7   Thumb Code     0  startup_stm32f407xx.o(.text)
    DMA2_Stream1_IRQHandler                  0x080001b7   Thumb Code     0  startup_stm32f407xx.o(.text)
    DMA2_Stream3_IRQHandler                  0x080001b7   Thumb Code     0  startup_stm32f407xx.o(.text)
    DMA2_Stream4_IRQHandler                  0x080001b7   Thumb Code     0  startup_stm32f407xx.o(.text)
    DMA2_Stream5_IRQHandler                  0x080001b7   Thumb Code     0  startup_stm32f407xx.o(.text)
    DMA2_Stream6_IRQHandler                  0x080001b7   Thumb Code     0  startup_stm32f407xx.o(.text)
    DMA2_Stream7_IRQHandler                  0x080001b7   Thumb Code     0  startup_stm32f407xx.o(.text)
    ETH_IRQHandler                           0x080001b7   Thumb Code     0  startup_stm32f407xx.o(.text)
    ETH_WKUP_IRQHandler                      0x080001b7   Thumb Code     0  startup_stm32f407xx.o(.text)
    EXTI0_IRQHandler                         0x080001b7   Thumb Code     0  startup_stm32f407xx.o(.text)
    EXTI15_10_IRQHandler                     0x080001b7   Thumb Code     0  startup_stm32f407xx.o(.text)
    EXTI1_IRQHandler                         0x080001b7   Thumb Code     0  startup_stm32f407xx.o(.text)
    EXTI2_IRQHandler                         0x080001b7   Thumb Code     0  startup_stm32f407xx.o(.text)
    EXTI3_IRQHandler                         0x080001b7   Thumb Code     0  startup_stm32f407xx.o(.text)
    EXTI4_IRQHandler                         0x080001b7   Thumb Code     0  startup_stm32f407xx.o(.text)
    EXTI9_5_IRQHandler                       0x080001b7   Thumb Code     0  startup_stm32f407xx.o(.text)
    FLASH_IRQHandler                         0x080001b7   Thumb Code     0  startup_stm32f407xx.o(.text)
    FMC_IRQHandler                           0x080001b7   Thumb Code     0  startup_stm32f407xx.o(.text)
    FPU_IRQHandler                           0x080001b7   Thumb Code     0  startup_stm32f407xx.o(.text)
    HASH_RNG_IRQHandler                      0x080001b7   Thumb Code     0  startup_stm32f407xx.o(.text)
    I2C1_ER_IRQHandler                       0x080001b7   Thumb Code     0  startup_stm32f407xx.o(.text)
    I2C1_EV_IRQHandler                       0x080001b7   Thumb Code     0  startup_stm32f407xx.o(.text)
    I2C2_ER_IRQHandler                       0x080001b7   Thumb Code     0  startup_stm32f407xx.o(.text)
    I2C2_EV_IRQHandler                       0x080001b7   Thumb Code     0  startup_stm32f407xx.o(.text)
    I2C3_ER_IRQHandler                       0x080001b7   Thumb Code     0  startup_stm32f407xx.o(.text)
    I2C3_EV_IRQHandler                       0x080001b7   Thumb Code     0  startup_stm32f407xx.o(.text)
    OTG_FS_WKUP_IRQHandler                   0x080001b7   Thumb Code     0  startup_stm32f407xx.o(.text)
    OTG_HS_EP1_IN_IRQHandler                 0x080001b7   Thumb Code     0  startup_stm32f407xx.o(.text)
    OTG_HS_EP1_OUT_IRQHandler                0x080001b7   Thumb Code     0  startup_stm32f407xx.o(.text)
    OTG_HS_IRQHandler                        0x080001b7   Thumb Code     0  startup_stm32f407xx.o(.text)
    OTG_HS_WKUP_IRQHandler                   0x080001b7   Thumb Code     0  startup_stm32f407xx.o(.text)
    PVD_IRQHandler                           0x080001b7   Thumb Code     0  startup_stm32f407xx.o(.text)
    RCC_IRQHandler                           0x080001b7   Thumb Code     0  startup_stm32f407xx.o(.text)
    RTC_Alarm_IRQHandler                     0x080001b7   Thumb Code     0  startup_stm32f407xx.o(.text)
    RTC_WKUP_IRQHandler                      0x080001b7   Thumb Code     0  startup_stm32f407xx.o(.text)
    SDIO_IRQHandler                          0x080001b7   Thumb Code     0  startup_stm32f407xx.o(.text)
    SPI1_IRQHandler                          0x080001b7   Thumb Code     0  startup_stm32f407xx.o(.text)
    SPI2_IRQHandler                          0x080001b7   Thumb Code     0  startup_stm32f407xx.o(.text)
    SPI3_IRQHandler                          0x080001b7   Thumb Code     0  startup_stm32f407xx.o(.text)
    TAMP_STAMP_IRQHandler                    0x080001b7   Thumb Code     0  startup_stm32f407xx.o(.text)
    TIM1_BRK_TIM9_IRQHandler                 0x080001b7   Thumb Code     0  startup_stm32f407xx.o(.text)
    TIM1_CC_IRQHandler                       0x080001b7   Thumb Code     0  startup_stm32f407xx.o(.text)
    TIM1_TRG_COM_TIM11_IRQHandler            0x080001b7   Thumb Code     0  startup_stm32f407xx.o(.text)
    TIM1_UP_TIM10_IRQHandler                 0x080001b7   Thumb Code     0  startup_stm32f407xx.o(.text)
    TIM2_IRQHandler                          0x080001b7   Thumb Code     0  startup_stm32f407xx.o(.text)
    TIM4_IRQHandler                          0x080001b7   Thumb Code     0  startup_stm32f407xx.o(.text)
    TIM5_IRQHandler                          0x080001b7   Thumb Code     0  startup_stm32f407xx.o(.text)
    TIM6_DAC_IRQHandler                      0x080001b7   Thumb Code     0  startup_stm32f407xx.o(.text)
    TIM7_IRQHandler                          0x080001b7   Thumb Code     0  startup_stm32f407xx.o(.text)
    TIM8_BRK_TIM12_IRQHandler                0x080001b7   Thumb Code     0  startup_stm32f407xx.o(.text)
    TIM8_CC_IRQHandler                       0x080001b7   Thumb Code     0  startup_stm32f407xx.o(.text)
    TIM8_TRG_COM_TIM14_IRQHandler            0x080001b7   Thumb Code     0  startup_stm32f407xx.o(.text)
    TIM8_UP_TIM13_IRQHandler                 0x080001b7   Thumb Code     0  startup_stm32f407xx.o(.text)
    UART4_IRQHandler                         0x080001b7   Thumb Code     0  startup_stm32f407xx.o(.text)
    UART5_IRQHandler                         0x080001b7   Thumb Code     0  startup_stm32f407xx.o(.text)
    USART1_IRQHandler                        0x080001b7   Thumb Code     0  startup_stm32f407xx.o(.text)
    USART2_IRQHandler                        0x080001b7   Thumb Code     0  startup_stm32f407xx.o(.text)
    USART3_IRQHandler                        0x080001b7   Thumb Code     0  startup_stm32f407xx.o(.text)
    USART6_IRQHandler                        0x080001b7   Thumb Code     0  startup_stm32f407xx.o(.text)
    WWDG_IRQHandler                          0x080001b7   Thumb Code     0  startup_stm32f407xx.o(.text)
    __aeabi_uldivmod                         0x080001c1   Thumb Code    98  uldiv.o(.text)
    __aeabi_memcpy                           0x08000223   Thumb Code    36  memcpya.o(.text)
    __aeabi_memcpy4                          0x08000223   Thumb Code     0  memcpya.o(.text)
    __aeabi_memcpy8                          0x08000223   Thumb Code     0  memcpya.o(.text)
    __aeabi_memset                           0x08000247   Thumb Code    14  memseta.o(.text)
    __aeabi_memset4                          0x08000247   Thumb Code     0  memseta.o(.text)
    __aeabi_memset8                          0x08000247   Thumb Code     0  memseta.o(.text)
    __aeabi_memclr                           0x08000255   Thumb Code     4  memseta.o(.text)
    __aeabi_memclr4                          0x08000255   Thumb Code     0  memseta.o(.text)
    __aeabi_memclr8                          0x08000255   Thumb Code     0  memseta.o(.text)
    _memset$wrapper                          0x08000259   Thumb Code    18  memseta.o(.text)
    strlen                                   0x0800026b   Thumb Code    14  strlen.o(.text)
    __aeabi_uidiv                            0x08000279   Thumb Code     0  uidiv.o(.text)
    __aeabi_uidivmod                         0x08000279   Thumb Code    44  uidiv.o(.text)
    __aeabi_llsl                             0x080002a5   Thumb Code    30  llshl.o(.text)
    _ll_shift_l                              0x080002a5   Thumb Code     0  llshl.o(.text)
    __aeabi_llsr                             0x080002c3   Thumb Code    32  llushr.o(.text)
    _ll_ushift_r                             0x080002c3   Thumb Code     0  llushr.o(.text)
    __scatterload                            0x080002e5   Thumb Code    28  init.o(.text)
    __scatterload_rt2                        0x080002e5   Thumb Code     0  init.o(.text)
    __decompress                             0x08000309   Thumb Code     0  __dczerorl2.o(.text)
    __decompress1                            0x08000309   Thumb Code    86  __dczerorl2.o(.text)
    BusFault_Handler                         0x08000515   Thumb Code     2  stm32f4xx_it.o(i.BusFault_Handler)
    CDC_Transmit_FS                          0x0800055d   Thumb Code    38  usbd_cdc_if.o(i.CDC_Transmit_FS)
    DMA2_Stream2_IRQHandler                  0x08000589   Thumb Code     6  stm32f4xx_it.o(i.DMA2_Stream2_IRQHandler)
    DebugMon_Handler                         0x08000639   Thumb Code     2  stm32f4xx_it.o(i.DebugMon_Handler)
    Error_Handler                            0x0800063b   Thumb Code     2  main.o(i.Error_Handler)
    HAL_ADC_ConfigChannel                    0x0800063d   Thumb Code   316  stm32f4xx_hal_adc.o(i.HAL_ADC_ConfigChannel)
    HAL_ADC_ConvCpltCallback                 0x08000789   Thumb Code     2  main.o(i.HAL_ADC_ConvCpltCallback)
    HAL_ADC_ConvHalfCpltCallback             0x0800078b   Thumb Code     2  stm32f4xx_hal_adc.o(i.HAL_ADC_ConvHalfCpltCallback)
    HAL_ADC_ErrorCallback                    0x0800078d   Thumb Code     2  stm32f4xx_hal_adc.o(i.HAL_ADC_ErrorCallback)
    HAL_ADC_Init                             0x0800078f   Thumb Code    84  stm32f4xx_hal_adc.o(i.HAL_ADC_Init)
    HAL_ADC_MspInit                          0x080007e5   Thumb Code   148  stm32f4xx_hal_msp.o(i.HAL_ADC_MspInit)
    HAL_ADC_Start_DMA                        0x0800088d   Thumb Code   268  stm32f4xx_hal_adc.o(i.HAL_ADC_Start_DMA)
    HAL_ADC_Stop_DMA                         0x080009bd   Thumb Code    88  stm32f4xx_hal_adc.o(i.HAL_ADC_Stop_DMA)
    HAL_DMA_Abort                            0x08000a15   Thumb Code   142  stm32f4xx_hal_dma.o(i.HAL_DMA_Abort)
    HAL_DMA_IRQHandler                       0x08000aa5   Thumb Code   412  stm32f4xx_hal_dma.o(i.HAL_DMA_IRQHandler)
    HAL_DMA_Init                             0x08000c45   Thumb Code   206  stm32f4xx_hal_dma.o(i.HAL_DMA_Init)
    HAL_DMA_Start_IT                         0x08000d19   Thumb Code   110  stm32f4xx_hal_dma.o(i.HAL_DMA_Start_IT)
    HAL_Delay                                0x08000d89   Thumb Code    32  stm32f4xx_hal.o(i.HAL_Delay)
    HAL_GPIO_Init                            0x08000dad   Thumb Code   394  stm32f4xx_hal_gpio.o(i.HAL_GPIO_Init)
    HAL_GPIO_TogglePin                       0x08000f65   Thumb Code    14  stm32f4xx_hal_gpio.o(i.HAL_GPIO_TogglePin)
    HAL_GPIO_WritePin                        0x08000f73   Thumb Code    10  stm32f4xx_hal_gpio.o(i.HAL_GPIO_WritePin)
    HAL_GetTick                              0x08000f7d   Thumb Code     6  stm32f4xx_hal.o(i.HAL_GetTick)
    HAL_IncTick                              0x08000f89   Thumb Code    12  stm32f4xx_hal.o(i.HAL_IncTick)
    HAL_Init                                 0x08000f99   Thumb Code    48  stm32f4xx_hal.o(i.HAL_Init)
    HAL_InitTick                             0x08000fcd   Thumb Code    54  stm32f4xx_hal.o(i.HAL_InitTick)
    HAL_MspInit                              0x0800100d   Thumb Code    42  stm32f4xx_hal_msp.o(i.HAL_MspInit)
    HAL_NVIC_EnableIRQ                       0x0800103d   Thumb Code    26  stm32f4xx_hal_cortex.o(i.HAL_NVIC_EnableIRQ)
    HAL_NVIC_SetPriority                     0x08001059   Thumb Code    60  stm32f4xx_hal_cortex.o(i.HAL_NVIC_SetPriority)
    HAL_NVIC_SetPriorityGrouping             0x08001099   Thumb Code    26  stm32f4xx_hal_cortex.o(i.HAL_NVIC_SetPriorityGrouping)
    HAL_PCDEx_LPM_Callback                   0x080010bd   Thumb Code     2  stm32f4xx_hal_pcd_ex.o(i.HAL_PCDEx_LPM_Callback)
    HAL_PCDEx_SetRxFiFo                      0x080010bf   Thumb Code     8  stm32f4xx_hal_pcd_ex.o(i.HAL_PCDEx_SetRxFiFo)
    HAL_PCDEx_SetTxFiFo                      0x080010c7   Thumb Code    68  stm32f4xx_hal_pcd_ex.o(i.HAL_PCDEx_SetTxFiFo)
    HAL_PCD_ConnectCallback                  0x0800110b   Thumb Code     8  usbd_conf.o(i.HAL_PCD_ConnectCallback)
    HAL_PCD_DataInStageCallback              0x08001113   Thumb Code    18  usbd_conf.o(i.HAL_PCD_DataInStageCallback)
    HAL_PCD_DataOutStageCallback             0x08001125   Thumb Code    20  usbd_conf.o(i.HAL_PCD_DataOutStageCallback)
    HAL_PCD_DisconnectCallback               0x08001139   Thumb Code     8  usbd_conf.o(i.HAL_PCD_DisconnectCallback)
    HAL_PCD_EP_Close                         0x08001141   Thumb Code    76  stm32f4xx_hal_pcd.o(i.HAL_PCD_EP_Close)
    HAL_PCD_EP_ClrStall                      0x0800118d   Thumb Code    92  stm32f4xx_hal_pcd.o(i.HAL_PCD_EP_ClrStall)
    HAL_PCD_EP_GetRxCount                    0x080011e9   Thumb Code    18  stm32f4xx_hal_pcd.o(i.HAL_PCD_EP_GetRxCount)
    HAL_PCD_EP_Open                          0x080011fb   Thumb Code    96  stm32f4xx_hal_pcd.o(i.HAL_PCD_EP_Open)
    HAL_PCD_EP_Receive                       0x0800125b   Thumb Code    72  stm32f4xx_hal_pcd.o(i.HAL_PCD_EP_Receive)
    HAL_PCD_EP_SetStall                      0x080012a3   Thumb Code   116  stm32f4xx_hal_pcd.o(i.HAL_PCD_EP_SetStall)
    HAL_PCD_EP_Transmit                      0x08001317   Thumb Code    64  stm32f4xx_hal_pcd.o(i.HAL_PCD_EP_Transmit)
    HAL_PCD_IRQHandler                       0x08001359   Thumb Code  1114  stm32f4xx_hal_pcd.o(i.HAL_PCD_IRQHandler)
    HAL_PCD_ISOINIncompleteCallback          0x080017bd   Thumb Code     8  usbd_conf.o(i.HAL_PCD_ISOINIncompleteCallback)
    HAL_PCD_ISOOUTIncompleteCallback         0x080017c5   Thumb Code     8  usbd_conf.o(i.HAL_PCD_ISOOUTIncompleteCallback)
    HAL_PCD_Init                             0x080017cd   Thumb Code   226  stm32f4xx_hal_pcd.o(i.HAL_PCD_Init)
    HAL_PCD_MspInit                          0x080018b1   Thumb Code   122  usbd_conf.o(i.HAL_PCD_MspInit)
    HAL_PCD_ResetCallback                    0x08001935   Thumb Code    44  usbd_conf.o(i.HAL_PCD_ResetCallback)
    HAL_PCD_ResumeCallback                   0x08001961   Thumb Code     8  usbd_conf.o(i.HAL_PCD_ResumeCallback)
    HAL_PCD_SOFCallback                      0x08001969   Thumb Code     8  usbd_conf.o(i.HAL_PCD_SOFCallback)
    HAL_PCD_SetAddress                       0x08001971   Thumb Code    40  stm32f4xx_hal_pcd.o(i.HAL_PCD_SetAddress)
    HAL_PCD_SetupStageCallback               0x08001999   Thumb Code    14  usbd_conf.o(i.HAL_PCD_SetupStageCallback)
    HAL_PCD_Start                            0x080019a7   Thumb Code    66  stm32f4xx_hal_pcd.o(i.HAL_PCD_Start)
    HAL_PCD_SuspendCallback                  0x080019e9   Thumb Code    44  usbd_conf.o(i.HAL_PCD_SuspendCallback)
    HAL_RCC_ClockConfig                      0x08001a19   Thumb Code   288  stm32f4xx_hal_rcc.o(i.HAL_RCC_ClockConfig)
    HAL_RCC_GetHCLKFreq                      0x08001b4d   Thumb Code     6  stm32f4xx_hal_rcc.o(i.HAL_RCC_GetHCLKFreq)
    HAL_RCC_GetSysClockFreq                  0x08001b59   Thumb Code    88  stm32f4xx_hal_rcc.o(i.HAL_RCC_GetSysClockFreq)
    HAL_RCC_OscConfig                        0x08001bb9   Thumb Code   834  stm32f4xx_hal_rcc.o(i.HAL_RCC_OscConfig)
    HAL_SYSTICK_Config                       0x08001f15   Thumb Code    40  stm32f4xx_hal_cortex.o(i.HAL_SYSTICK_Config)
    HAL_TIMEx_BreakCallback                  0x08001f3d   Thumb Code     2  stm32f4xx_hal_tim_ex.o(i.HAL_TIMEx_BreakCallback)
    HAL_TIMEx_CommutCallback                 0x08001f3f   Thumb Code     2  stm32f4xx_hal_tim_ex.o(i.HAL_TIMEx_CommutCallback)
    HAL_TIMEx_MasterConfigSynchronization    0x08001f41   Thumb Code   116  stm32f4xx_hal_tim_ex.o(i.HAL_TIMEx_MasterConfigSynchronization)
    HAL_TIM_Base_Init                        0x08001fd1   Thumb Code    54  stm32f4xx_hal_tim.o(i.HAL_TIM_Base_Init)
    HAL_TIM_Base_MspInit                     0x08002009   Thumb Code    50  stm32f4xx_hal_msp.o(i.HAL_TIM_Base_MspInit)
    HAL_TIM_Base_Start_IT                    0x08002045   Thumb Code    34  stm32f4xx_hal_tim.o(i.HAL_TIM_Base_Start_IT)
    HAL_TIM_ConfigClockSource                0x08002067   Thumb Code   214  stm32f4xx_hal_tim.o(i.HAL_TIM_ConfigClockSource)
    HAL_TIM_IC_CaptureCallback               0x0800213d   Thumb Code     2  stm32f4xx_hal_tim.o(i.HAL_TIM_IC_CaptureCallback)
    HAL_TIM_IRQHandler                       0x0800213f   Thumb Code   358  stm32f4xx_hal_tim.o(i.HAL_TIM_IRQHandler)
    HAL_TIM_OC_DelayElapsedCallback          0x080022a5   Thumb Code     2  stm32f4xx_hal_tim.o(i.HAL_TIM_OC_DelayElapsedCallback)
    HAL_TIM_PWM_PulseFinishedCallback        0x080022a7   Thumb Code     2  stm32f4xx_hal_tim.o(i.HAL_TIM_PWM_PulseFinishedCallback)
    HAL_TIM_PeriodElapsedCallback            0x080022a9   Thumb Code   146  main.o(i.HAL_TIM_PeriodElapsedCallback)
    HAL_TIM_TriggerCallback                  0x0800235d   Thumb Code     2  stm32f4xx_hal_tim.o(i.HAL_TIM_TriggerCallback)
    HardFault_Handler                        0x0800235f   Thumb Code     2  stm32f4xx_it.o(i.HardFault_Handler)
    MX_USB_DEVICE_Init                       0x080024c5   Thumb Code    66  usb_device.o(i.MX_USB_DEVICE_Init)
    MemManage_Handler                        0x08002519   Thumb Code     2  stm32f4xx_it.o(i.MemManage_Handler)
    NMI_Handler                              0x0800251b   Thumb Code     2  stm32f4xx_it.o(i.NMI_Handler)
    OTG_FS_IRQHandler                        0x0800251d   Thumb Code     6  stm32f4xx_it.o(i.OTG_FS_IRQHandler)
    PendSV_Handler                           0x080026a7   Thumb Code     2  stm32f4xx_it.o(i.PendSV_Handler)
    SVC_Handler                              0x080026a9   Thumb Code     2  stm32f4xx_it.o(i.SVC_Handler)
    SysTick_Handler                          0x080026ab   Thumb Code     4  stm32f4xx_it.o(i.SysTick_Handler)
    SystemClock_Config                       0x080026b1   Thumb Code   120  main.o(i.SystemClock_Config)
    SystemInit                               0x08002731   Thumb Code    22  system_stm32f4xx.o(i.SystemInit)
    TIM3_IRQHandler                          0x0800274d   Thumb Code     6  stm32f4xx_it.o(i.TIM3_IRQHandler)
    TIM_Base_SetConfig                       0x08002759   Thumb Code   156  stm32f4xx_hal_tim.o(i.TIM_Base_SetConfig)
    TIM_ETR_SetConfig                        0x08002821   Thumb Code    20  stm32f4xx_hal_tim.o(i.TIM_ETR_SetConfig)
    USBD_CDC_GetDeviceQualifierDescriptor    0x0800296d   Thumb Code     8  usbd_cdc.o(i.USBD_CDC_GetDeviceQualifierDescriptor)
    USBD_CDC_ReceivePacket                   0x08002a27   Thumb Code    38  usbd_cdc.o(i.USBD_CDC_ReceivePacket)
    USBD_CDC_RegisterInterface               0x08002a4d   Thumb Code    16  usbd_cdc.o(i.USBD_CDC_RegisterInterface)
    USBD_CDC_SetRxBuffer                     0x08002a5d   Thumb Code    12  usbd_cdc.o(i.USBD_CDC_SetRxBuffer)
    USBD_CDC_SetTxBuffer                     0x08002a69   Thumb Code    14  usbd_cdc.o(i.USBD_CDC_SetTxBuffer)
    USBD_CDC_TransmitPacket                  0x08002b23   Thumb Code    52  usbd_cdc.o(i.USBD_CDC_TransmitPacket)
    USBD_ClrClassConfig                      0x08002b57   Thumb Code    14  usbd_core.o(i.USBD_ClrClassConfig)
    USBD_CtlContinueRx                       0x08002b65   Thumb Code    16  usbd_ioreq.o(i.USBD_CtlContinueRx)
    USBD_CtlContinueSendData                 0x08002b75   Thumb Code    16  usbd_ioreq.o(i.USBD_CtlContinueSendData)
    USBD_CtlError                            0x08002b85   Thumb Code    22  usbd_ctlreq.o(i.USBD_CtlError)
    USBD_CtlPrepareRx                        0x08002b9b   Thumb Code    30  usbd_ioreq.o(i.USBD_CtlPrepareRx)
    USBD_CtlReceiveStatus                    0x08002bb9   Thumb Code    22  usbd_ioreq.o(i.USBD_CtlReceiveStatus)
    USBD_CtlSendData                         0x08002bcf   Thumb Code    26  usbd_ioreq.o(i.USBD_CtlSendData)
    USBD_CtlSendStatus                       0x08002be9   Thumb Code    22  usbd_ioreq.o(i.USBD_CtlSendStatus)
    USBD_FS_ConfigStrDescriptor              0x08002c01   Thumb Code    16  usbd_desc.o(i.USBD_FS_ConfigStrDescriptor)
    USBD_FS_DeviceDescriptor                 0x08002c21   Thumb Code     8  usbd_desc.o(i.USBD_FS_DeviceDescriptor)
    USBD_FS_InterfaceStrDescriptor           0x08002c2d   Thumb Code    16  usbd_desc.o(i.USBD_FS_InterfaceStrDescriptor)
    USBD_FS_LangIDStrDescriptor              0x08002c51   Thumb Code     8  usbd_desc.o(i.USBD_FS_LangIDStrDescriptor)
    USBD_FS_ManufacturerStrDescriptor        0x08002c5d   Thumb Code    16  usbd_desc.o(i.USBD_FS_ManufacturerStrDescriptor)
    USBD_FS_ProductStrDescriptor             0x08002c85   Thumb Code    16  usbd_desc.o(i.USBD_FS_ProductStrDescriptor)
    USBD_FS_SerialStrDescriptor              0x08002cb1   Thumb Code    48  usbd_desc.o(i.USBD_FS_SerialStrDescriptor)
    USBD_GetString                           0x08002dd1   Thumb Code    72  usbd_ctlreq.o(i.USBD_GetString)
    USBD_Get_USB_Status                      0x08002e19   Thumb Code    24  usbd_conf.o(i.USBD_Get_USB_Status)
    USBD_Init                                0x08002e31   Thumb Code    42  usbd_core.o(i.USBD_Init)
    USBD_LL_ClearStallEP                     0x08002e5b   Thumb Code    18  usbd_conf.o(i.USBD_LL_ClearStallEP)
    USBD_LL_CloseEP                          0x08002e6d   Thumb Code    18  usbd_conf.o(i.USBD_LL_CloseEP)
    USBD_LL_DataInStage                      0x08002e7f   Thumb Code   198  usbd_core.o(i.USBD_LL_DataInStage)
    USBD_LL_DataOutStage                     0x08002f45   Thumb Code   130  usbd_core.o(i.USBD_LL_DataOutStage)
    USBD_LL_DevConnected                     0x08002fc7   Thumb Code     4  usbd_core.o(i.USBD_LL_DevConnected)
    USBD_LL_DevDisconnected                  0x08002fcb   Thumb Code    22  usbd_core.o(i.USBD_LL_DevDisconnected)
    USBD_LL_GetRxDataSize                    0x08002fe1   Thumb Code     8  usbd_conf.o(i.USBD_LL_GetRxDataSize)
    USBD_LL_Init                             0x08002fe9   Thumb Code    90  usbd_conf.o(i.USBD_LL_Init)
    USBD_LL_IsStallEP                        0x08003049   Thumb Code    32  usbd_conf.o(i.USBD_LL_IsStallEP)
    USBD_LL_IsoINIncomplete                  0x08003069   Thumb Code     4  usbd_core.o(i.USBD_LL_IsoINIncomplete)
    USBD_LL_IsoOUTIncomplete                 0x0800306d   Thumb Code     4  usbd_core.o(i.USBD_LL_IsoOUTIncomplete)
    USBD_LL_OpenEP                           0x08003071   Thumb Code    24  usbd_conf.o(i.USBD_LL_OpenEP)
    USBD_LL_PrepareReceive                   0x08003089   Thumb Code    18  usbd_conf.o(i.USBD_LL_PrepareReceive)
    USBD_LL_Reset                            0x0800309b   Thumb Code    80  usbd_core.o(i.USBD_LL_Reset)
    USBD_LL_Resume                           0x080030eb   Thumb Code    12  usbd_core.o(i.USBD_LL_Resume)
    USBD_LL_SOF                              0x080030f7   Thumb Code    24  usbd_core.o(i.USBD_LL_SOF)
    USBD_LL_SetSpeed                         0x0800310f   Thumb Code     6  usbd_core.o(i.USBD_LL_SetSpeed)
    USBD_LL_SetUSBAddress                    0x08003115   Thumb Code    18  usbd_conf.o(i.USBD_LL_SetUSBAddress)
    USBD_LL_SetupStage                       0x08003127   Thumb Code    90  usbd_core.o(i.USBD_LL_SetupStage)
    USBD_LL_StallEP                          0x08003181   Thumb Code    18  usbd_conf.o(i.USBD_LL_StallEP)
    USBD_LL_Start                            0x08003193   Thumb Code    18  usbd_conf.o(i.USBD_LL_Start)
    USBD_LL_Suspend                          0x080031a5   Thumb Code    18  usbd_core.o(i.USBD_LL_Suspend)
    USBD_LL_Transmit                         0x080031b7   Thumb Code    18  usbd_conf.o(i.USBD_LL_Transmit)
    USBD_ParseSetupRequest                   0x080031c9   Thumb Code    40  usbd_ctlreq.o(i.USBD_ParseSetupRequest)
    USBD_RegisterClass                       0x080031f1   Thumb Code    16  usbd_core.o(i.USBD_RegisterClass)
    USBD_SetClassConfig                      0x08003201   Thumb Code    22  usbd_core.o(i.USBD_SetClassConfig)
    USBD_Start                               0x0800329d   Thumb Code    10  usbd_core.o(i.USBD_Start)
    USBD_StdDevReq                           0x080032a7   Thumb Code   274  usbd_ctlreq.o(i.USBD_StdDevReq)
    USBD_StdEPReq                            0x080033b9   Thumb Code   336  usbd_ctlreq.o(i.USBD_StdEPReq)
    USBD_StdItfReq                           0x08003509   Thumb Code    78  usbd_ctlreq.o(i.USBD_StdItfReq)
    USB_ActivateEndpoint                     0x08003559   Thumb Code   122  stm32f4xx_ll_usb.o(i.USB_ActivateEndpoint)
    USB_ActivateSetup                        0x080035d9   Thumb Code    52  stm32f4xx_ll_usb.o(i.USB_ActivateSetup)
    USB_CoreInit                             0x0800360d   Thumb Code   112  stm32f4xx_ll_usb.o(i.USB_CoreInit)
    USB_DeactivateEndpoint                   0x080036b9   Thumb Code   118  stm32f4xx_ll_usb.o(i.USB_DeactivateEndpoint)
    USB_DevConnect                           0x08003739   Thumb Code    24  stm32f4xx_ll_usb.o(i.USB_DevConnect)
    USB_DevDisconnect                        0x08003751   Thumb Code    24  stm32f4xx_ll_usb.o(i.USB_DevDisconnect)
    USB_DevInit                              0x08003769   Thumb Code   378  stm32f4xx_ll_usb.o(i.USB_DevInit)
    USB_DisableGlobalInt                     0x080038f5   Thumb Code    12  stm32f4xx_ll_usb.o(i.USB_DisableGlobalInt)
    USB_EP0StartXfer                         0x08003901   Thumb Code   276  stm32f4xx_ll_usb.o(i.USB_EP0StartXfer)
    USB_EP0_OutStart                         0x08003a19   Thumb Code    84  stm32f4xx_ll_usb.o(i.USB_EP0_OutStart)
    USB_EPClearStall                         0x08003a71   Thumb Code    88  stm32f4xx_ll_usb.o(i.USB_EPClearStall)
    USB_EPSetStall                           0x08003ac9   Thumb Code    88  stm32f4xx_ll_usb.o(i.USB_EPSetStall)
    USB_EPStartXfer                          0x08003b21   Thumb Code   482  stm32f4xx_ll_usb.o(i.USB_EPStartXfer)
    USB_EnableGlobalInt                      0x08003d09   Thumb Code    12  stm32f4xx_ll_usb.o(i.USB_EnableGlobalInt)
    USB_FlushRxFifo                          0x08003d15   Thumb Code    28  stm32f4xx_ll_usb.o(i.USB_FlushRxFifo)
    USB_FlushTxFifo                          0x08003d35   Thumb Code    32  stm32f4xx_ll_usb.o(i.USB_FlushTxFifo)
    USB_GetDevSpeed                          0x08003d59   Thumb Code    26  stm32f4xx_ll_usb.o(i.USB_GetDevSpeed)
    USB_GetMode                              0x08003d73   Thumb Code     8  stm32f4xx_ll_usb.o(i.USB_GetMode)
    USB_ReadDevAllInEpInterrupt              0x08003d7b   Thumb Code    14  stm32f4xx_ll_usb.o(i.USB_ReadDevAllInEpInterrupt)
    USB_ReadDevAllOutEpInterrupt             0x08003d89   Thumb Code    14  stm32f4xx_ll_usb.o(i.USB_ReadDevAllOutEpInterrupt)
    USB_ReadDevInEPInterrupt                 0x08003d97   Thumb Code    36  stm32f4xx_ll_usb.o(i.USB_ReadDevInEPInterrupt)
    USB_ReadDevOutEPInterrupt                0x08003dbb   Thumb Code    16  stm32f4xx_ll_usb.o(i.USB_ReadDevOutEPInterrupt)
    USB_ReadInterrupts                       0x08003dcb   Thumb Code     8  stm32f4xx_ll_usb.o(i.USB_ReadInterrupts)
    USB_ReadPacket                           0x08003dd3   Thumb Code    28  stm32f4xx_ll_usb.o(i.USB_ReadPacket)
    USB_SetCurrentMode                       0x08003def   Thumb Code    46  stm32f4xx_ll_usb.o(i.USB_SetCurrentMode)
    USB_SetDevAddress                        0x08003e1d   Thumb Code    34  stm32f4xx_ll_usb.o(i.USB_SetDevAddress)
    USB_SetTurnaroundTime                    0x08003e41   Thumb Code   158  stm32f4xx_ll_usb.o(i.USB_SetTurnaroundTime)
    USB_WritePacket                          0x08003f29   Thumb Code    36  stm32f4xx_ll_usb.o(i.USB_WritePacket)
    UsageFault_Handler                       0x08003f4d   Thumb Code     2  stm32f4xx_it.o(i.UsageFault_Handler)
    __0sprintf$6                             0x08003f51   Thumb Code    34  printf6.o(i.__0sprintf$6)
    __1sprintf$6                             0x08003f51   Thumb Code     0  printf6.o(i.__0sprintf$6)
    __2sprintf                               0x08003f51   Thumb Code     0  printf6.o(i.__0sprintf$6)
    __scatterload_copy                       0x08003f99   Thumb Code    14  handlers.o(i.__scatterload_copy)
    __scatterload_null                       0x08003fa7   Thumb Code     2  handlers.o(i.__scatterload_null)
    __scatterload_zeroinit                   0x08003fa9   Thumb Code    14  handlers.o(i.__scatterload_zeroinit)
    free                                     0x08004305   Thumb Code    76  malloc.o(i.free)
    main                                     0x08004355   Thumb Code    80  main.o(i.main)
    malloc                                   0x080043b1   Thumb Code    92  malloc.o(i.malloc)
    AHBPrescTable                            0x08004424   Data          16  system_stm32f4xx.o(.constdata)
    Region$$Table$$Base                      0x08004434   Number         0  anon$$obj.o(Region$$Table)
    Region$$Table$$Limit                     0x08004454   Number         0  anon$$obj.o(Region$$Table)
    i                                        0x20000000   Data           4  main.o(.data)
    j                                        0x20000004   Data           4  main.o(.data)
    k                                        0x20000008   Data           4  main.o(.data)
    ADC_sound                                0x2000000c   Data           4  main.o(.data)
    FS_Desc                                  0x20000010   Data          28  usbd_desc.o(.data)
    USBD_LangIDDesc                          0x2000002c   Data           4  usbd_desc.o(.data)
    USBD_FS_DeviceDesc                       0x20000030   Data          18  usbd_desc.o(.data)
    USBD_StringSerial                        0x20000044   Data          26  usbd_desc.o(.data)
    USBD_Interface_fops_FS                   0x20000060   Data          16  usbd_cdc_if.o(.data)
    uwTickFreq                               0x20000070   Data           1  stm32f4xx_hal.o(.data)
    uwTickPrio                               0x20000074   Data           4  stm32f4xx_hal.o(.data)
    uwTick                                   0x20000078   Data           4  stm32f4xx_hal.o(.data)
    SystemCoreClock                          0x2000007c   Data           4  system_stm32f4xx.o(.data)
    USBD_CDC_CfgHSDesc                       0x20000090   Data          67  usbd_cdc.o(.data)
    USBD_CDC_CfgFSDesc                       0x200000d4   Data          67  usbd_cdc.o(.data)
    USBD_CDC_OtherSpeedCfgDesc               0x20000118   Data          67  usbd_cdc.o(.data)
    USBD_CDC                                 0x2000015c   Data          56  usbd_cdc.o(.data)
    __microlib_freelist                      0x20000194   Data           4  mvars.o(.data)
    __microlib_freelist_initialised          0x20000198   Data           4  mvars.o(.data)
    hadc2                                    0x2000019c   Data          72  main.o(.bss)
    htim3                                    0x200001e4   Data          64  main.o(.bss)
    str_tx                                   0x20000224   Data          30  main.o(.bss)
    sample                                   0x20000242   Data       30000  main.o(.bss)
    hdma_adc2                                0x20007774   Data          96  main.o(.bss)
    hUsbDeviceFS                             0x200077d4   Data         668  usb_device.o(.bss)
    hpcd_USB_OTG_FS                          0x20007a70   Data        1032  usbd_conf.o(.bss)
    USBD_StrDesc                             0x20007e78   Data         512  usbd_desc.o(.bss)
    UserRxBufferFS                           0x20008078   Data          64  usbd_cdc_if.o(.bss)
    UserTxBufferFS                           0x200080b8   Data          64  usbd_cdc_if.o(.bss)
    __heap_base                              0x200080f8   Data           0  startup_stm32f407xx.o(HEAP)
    __heap_limit                             0x200082f8   Data           0  startup_stm32f407xx.o(HEAP)
    __initial_sp                             0x200086f8   Data           0  startup_stm32f407xx.o(STACK)



==============================================================================

Memory Map of the image

  Image Entry point : 0x08000189

  Load Region LR_IROM1 (Base: 0x08000000, Size: 0x000045f0, Max: 0x00100000, ABSOLUTE, COMPRESSED[0x00004514])

    Execution Region ER_IROM1 (Exec base: 0x08000000, Load base: 0x08000000, Size: 0x00004454, Max: 0x00100000, ABSOLUTE)

    Exec Addr    Load Addr    Size         Type   Attr      Idx    E Section Name        Object

    0x08000000   0x08000000   0x00000188   Data   RO            3    RESET               startup_stm32f407xx.o
    0x08000188   0x08000188   0x00000000   Code   RO         4036  * .ARM.Collect$$$$00000000  mc_w.l(entry.o)
    0x08000188   0x08000188   0x00000004   Code   RO         4338    .ARM.Collect$$$$00000001  mc_w.l(entry2.o)
    0x0800018c   0x0800018c   0x00000004   Code   RO         4341    .ARM.Collect$$$$00000004  mc_w.l(entry5.o)
    0x08000190   0x08000190   0x00000000   Code   RO         4343    .ARM.Collect$$$$00000008  mc_w.l(entry7b.o)
    0x08000190   0x08000190   0x00000000   Code   RO         4345    .ARM.Collect$$$$0000000A  mc_w.l(entry8b.o)
    0x08000190   0x08000190   0x00000008   Code   RO         4346    .ARM.Collect$$$$0000000B  mc_w.l(entry9a.o)
    0x08000198   0x08000198   0x00000000   Code   RO         4348    .ARM.Collect$$$$0000000D  mc_w.l(entry10a.o)
    0x08000198   0x08000198   0x00000000   Code   RO         4350    .ARM.Collect$$$$0000000F  mc_w.l(entry11a.o)
    0x08000198   0x08000198   0x00000004   Code   RO         4339    .ARM.Collect$$$$00002712  mc_w.l(entry2.o)
    0x0800019c   0x0800019c   0x00000024   Code   RO            4    .text               startup_stm32f407xx.o
    0x080001c0   0x080001c0   0x00000062   Code   RO         4039    .text               mc_w.l(uldiv.o)
    0x08000222   0x08000222   0x00000024   Code   RO         4041    .text               mc_w.l(memcpya.o)
    0x08000246   0x08000246   0x00000024   Code   RO         4043    .text               mc_w.l(memseta.o)
    0x0800026a   0x0800026a   0x0000000e   Code   RO         4045    .text               mc_w.l(strlen.o)
    0x08000278   0x08000278   0x0000002c   Code   RO         4355    .text               mc_w.l(uidiv.o)
    0x080002a4   0x080002a4   0x0000001e   Code   RO         4357    .text               mc_w.l(llshl.o)
    0x080002c2   0x080002c2   0x00000020   Code   RO         4359    .text               mc_w.l(llushr.o)
    0x080002e2   0x080002e2   0x00000002   PAD
    0x080002e4   0x080002e4   0x00000024   Code   RO         4374    .text               mc_w.l(init.o)
    0x08000308   0x08000308   0x00000056   Code   RO         4390    .text               mc_w.l(__dczerorl2.o)
    0x0800035e   0x0800035e   0x0000006e   Code   RO         2429    i.ADC_DMAConvCplt   stm32f4xx_hal_adc.o
    0x080003cc   0x080003cc   0x00000016   Code   RO         2430    i.ADC_DMAError      stm32f4xx_hal_adc.o
    0x080003e2   0x080003e2   0x0000000a   Code   RO         2431    i.ADC_DMAHalfConvCplt  stm32f4xx_hal_adc.o
    0x080003ec   0x080003ec   0x00000128   Code   RO         2432    i.ADC_Init          stm32f4xx_hal_adc.o
    0x08000514   0x08000514   0x00000002   Code   RO          592    i.BusFault_Handler  stm32f4xx_it.o
    0x08000516   0x08000516   0x00000004   Code   RO          540    i.CDC_Control_FS    usbd_cdc_if.o
    0x0800051a   0x0800051a   0x00000004   Code   RO          541    i.CDC_DeInit_FS     usbd_cdc_if.o
    0x0800051e   0x0800051e   0x00000002   PAD
    0x08000520   0x08000520   0x00000024   Code   RO          542    i.CDC_Init_FS       usbd_cdc_if.o
    0x08000544   0x08000544   0x00000018   Code   RO          543    i.CDC_Receive_FS    usbd_cdc_if.o
    0x0800055c   0x0800055c   0x0000002c   Code   RO          544    i.CDC_Transmit_FS   usbd_cdc_if.o
    0x08000588   0x08000588   0x0000000c   Code   RO          593    i.DMA2_Stream2_IRQHandler  stm32f4xx_it.o
    0x08000594   0x08000594   0x00000028   Code   RO         1756    i.DMA_CalcBaseAndBitshift  stm32f4xx_hal_dma.o
    0x080005bc   0x080005bc   0x00000054   Code   RO         1757    i.DMA_CheckFifoParam  stm32f4xx_hal_dma.o
    0x08000610   0x08000610   0x00000028   Code   RO         1758    i.DMA_SetConfig     stm32f4xx_hal_dma.o
    0x08000638   0x08000638   0x00000002   Code   RO          594    i.DebugMon_Handler  stm32f4xx_it.o
    0x0800063a   0x0800063a   0x00000002   Code   RO           13    i.Error_Handler     main.o
    0x0800063c   0x0800063c   0x0000014c   Code   RO         2434    i.HAL_ADC_ConfigChannel  stm32f4xx_hal_adc.o
    0x08000788   0x08000788   0x00000002   Code   RO           14    i.HAL_ADC_ConvCpltCallback  main.o
    0x0800078a   0x0800078a   0x00000002   Code   RO         2436    i.HAL_ADC_ConvHalfCpltCallback  stm32f4xx_hal_adc.o
    0x0800078c   0x0800078c   0x00000002   Code   RO         2438    i.HAL_ADC_ErrorCallback  stm32f4xx_hal_adc.o
    0x0800078e   0x0800078e   0x00000054   Code   RO         2443    i.HAL_ADC_Init      stm32f4xx_hal_adc.o
    0x080007e2   0x080007e2   0x00000002   PAD
    0x080007e4   0x080007e4   0x000000a8   Code   RO          687    i.HAL_ADC_MspInit   stm32f4xx_hal_msp.o
    0x0800088c   0x0800088c   0x00000130   Code   RO         2450    i.HAL_ADC_Start_DMA  stm32f4xx_hal_adc.o
    0x080009bc   0x080009bc   0x00000058   Code   RO         2453    i.HAL_ADC_Stop_DMA  stm32f4xx_hal_adc.o
    0x08000a14   0x08000a14   0x0000008e   Code   RO         1759    i.HAL_DMA_Abort     stm32f4xx_hal_dma.o
    0x08000aa2   0x08000aa2   0x00000002   PAD
    0x08000aa4   0x08000aa4   0x000001a0   Code   RO         1764    i.HAL_DMA_IRQHandler  stm32f4xx_hal_dma.o
    0x08000c44   0x08000c44   0x000000d4   Code   RO         1765    i.HAL_DMA_Init      stm32f4xx_hal_dma.o
    0x08000d18   0x08000d18   0x0000006e   Code   RO         1769    i.HAL_DMA_Start_IT  stm32f4xx_hal_dma.o
    0x08000d86   0x08000d86   0x00000002   PAD
    0x08000d88   0x08000d88   0x00000024   Code   RO         2178    i.HAL_Delay         stm32f4xx_hal.o
    0x08000dac   0x08000dac   0x000001b8   Code   RO         1652    i.HAL_GPIO_Init     stm32f4xx_hal_gpio.o
    0x08000f64   0x08000f64   0x0000000e   Code   RO         1655    i.HAL_GPIO_TogglePin  stm32f4xx_hal_gpio.o
    0x08000f72   0x08000f72   0x0000000a   Code   RO         1656    i.HAL_GPIO_WritePin  stm32f4xx_hal_gpio.o
    0x08000f7c   0x08000f7c   0x0000000c   Code   RO         2184    i.HAL_GetTick       stm32f4xx_hal.o
    0x08000f88   0x08000f88   0x00000010   Code   RO         2190    i.HAL_IncTick       stm32f4xx_hal.o
    0x08000f98   0x08000f98   0x00000034   Code   RO         2191    i.HAL_Init          stm32f4xx_hal.o
    0x08000fcc   0x08000fcc   0x00000040   Code   RO         2192    i.HAL_InitTick      stm32f4xx_hal.o
    0x0800100c   0x0800100c   0x00000030   Code   RO          688    i.HAL_MspInit       stm32f4xx_hal_msp.o
    0x0800103c   0x0800103c   0x0000001a   Code   RO         2041    i.HAL_NVIC_EnableIRQ  stm32f4xx_hal_cortex.o
    0x08001056   0x08001056   0x00000002   PAD
    0x08001058   0x08001058   0x00000040   Code   RO         2047    i.HAL_NVIC_SetPriority  stm32f4xx_hal_cortex.o
    0x08001098   0x08001098   0x00000024   Code   RO         2048    i.HAL_NVIC_SetPriorityGrouping  stm32f4xx_hal_cortex.o
    0x080010bc   0x080010bc   0x00000002   Code   RO          956    i.HAL_PCDEx_LPM_Callback  stm32f4xx_hal_pcd_ex.o
    0x080010be   0x080010be   0x00000008   Code   RO          957    i.HAL_PCDEx_SetRxFiFo  stm32f4xx_hal_pcd_ex.o
    0x080010c6   0x080010c6   0x00000044   Code   RO          958    i.HAL_PCDEx_SetTxFiFo  stm32f4xx_hal_pcd_ex.o
    0x0800110a   0x0800110a   0x00000008   Code   RO          259    i.HAL_PCD_ConnectCallback  usbd_conf.o
    0x08001112   0x08001112   0x00000012   Code   RO          260    i.HAL_PCD_DataInStageCallback  usbd_conf.o
    0x08001124   0x08001124   0x00000014   Code   RO          261    i.HAL_PCD_DataOutStageCallback  usbd_conf.o
    0x08001138   0x08001138   0x00000008   Code   RO          262    i.HAL_PCD_DisconnectCallback  usbd_conf.o
    0x08001140   0x08001140   0x0000004c   Code   RO          744    i.HAL_PCD_EP_Close  stm32f4xx_hal_pcd.o
    0x0800118c   0x0800118c   0x0000005c   Code   RO          745    i.HAL_PCD_EP_ClrStall  stm32f4xx_hal_pcd.o
    0x080011e8   0x080011e8   0x00000012   Code   RO          747    i.HAL_PCD_EP_GetRxCount  stm32f4xx_hal_pcd.o
    0x080011fa   0x080011fa   0x00000060   Code   RO          748    i.HAL_PCD_EP_Open   stm32f4xx_hal_pcd.o
    0x0800125a   0x0800125a   0x00000048   Code   RO          749    i.HAL_PCD_EP_Receive  stm32f4xx_hal_pcd.o
    0x080012a2   0x080012a2   0x00000074   Code   RO          750    i.HAL_PCD_EP_SetStall  stm32f4xx_hal_pcd.o
    0x08001316   0x08001316   0x00000040   Code   RO          751    i.HAL_PCD_EP_Transmit  stm32f4xx_hal_pcd.o
    0x08001356   0x08001356   0x00000002   PAD
    0x08001358   0x08001358   0x00000464   Code   RO          753    i.HAL_PCD_IRQHandler  stm32f4xx_hal_pcd.o
    0x080017bc   0x080017bc   0x00000008   Code   RO          263    i.HAL_PCD_ISOINIncompleteCallback  usbd_conf.o
    0x080017c4   0x080017c4   0x00000008   Code   RO          264    i.HAL_PCD_ISOOUTIncompleteCallback  usbd_conf.o
    0x080017cc   0x080017cc   0x000000e2   Code   RO          756    i.HAL_PCD_Init      stm32f4xx_hal_pcd.o
    0x080018ae   0x080018ae   0x00000002   PAD
    0x080018b0   0x080018b0   0x00000084   Code   RO          266    i.HAL_PCD_MspInit   usbd_conf.o
    0x08001934   0x08001934   0x0000002c   Code   RO          267    i.HAL_PCD_ResetCallback  usbd_conf.o
    0x08001960   0x08001960   0x00000008   Code   RO          268    i.HAL_PCD_ResumeCallback  usbd_conf.o
    0x08001968   0x08001968   0x00000008   Code   RO          269    i.HAL_PCD_SOFCallback  usbd_conf.o
    0x08001970   0x08001970   0x00000028   Code   RO          762    i.HAL_PCD_SetAddress  stm32f4xx_hal_pcd.o
    0x08001998   0x08001998   0x0000000e   Code   RO          270    i.HAL_PCD_SetupStageCallback  usbd_conf.o
    0x080019a6   0x080019a6   0x00000042   Code   RO          764    i.HAL_PCD_Start     stm32f4xx_hal_pcd.o
    0x080019e8   0x080019e8   0x00000030   Code   RO          271    i.HAL_PCD_SuspendCallback  usbd_conf.o
    0x08001a18   0x08001a18   0x00000134   Code   RO         1298    i.HAL_RCC_ClockConfig  stm32f4xx_hal_rcc.o
    0x08001b4c   0x08001b4c   0x0000000c   Code   RO         1303    i.HAL_RCC_GetHCLKFreq  stm32f4xx_hal_rcc.o
    0x08001b58   0x08001b58   0x00000060   Code   RO         1307    i.HAL_RCC_GetSysClockFreq  stm32f4xx_hal_rcc.o
    0x08001bb8   0x08001bb8   0x0000035c   Code   RO         1310    i.HAL_RCC_OscConfig  stm32f4xx_hal_rcc.o
    0x08001f14   0x08001f14   0x00000028   Code   RO         2052    i.HAL_SYSTICK_Config  stm32f4xx_hal_cortex.o
    0x08001f3c   0x08001f3c   0x00000002   Code   RO         3381    i.HAL_TIMEx_BreakCallback  stm32f4xx_hal_tim_ex.o
    0x08001f3e   0x08001f3e   0x00000002   Code   RO         3382    i.HAL_TIMEx_CommutCallback  stm32f4xx_hal_tim_ex.o
    0x08001f40   0x08001f40   0x00000090   Code   RO         3399    i.HAL_TIMEx_MasterConfigSynchronization  stm32f4xx_hal_tim_ex.o
    0x08001fd0   0x08001fd0   0x00000036   Code   RO         2706    i.HAL_TIM_Base_Init  stm32f4xx_hal_tim.o
    0x08002006   0x08002006   0x00000002   PAD
    0x08002008   0x08002008   0x0000003c   Code   RO          690    i.HAL_TIM_Base_MspInit  stm32f4xx_hal_msp.o
    0x08002044   0x08002044   0x00000022   Code   RO         2711    i.HAL_TIM_Base_Start_IT  stm32f4xx_hal_tim.o
    0x08002066   0x08002066   0x000000d6   Code   RO         2715    i.HAL_TIM_ConfigClockSource  stm32f4xx_hal_tim.o
    0x0800213c   0x0800213c   0x00000002   Code   RO         2735    i.HAL_TIM_IC_CaptureCallback  stm32f4xx_hal_tim.o
    0x0800213e   0x0800213e   0x00000166   Code   RO         2749    i.HAL_TIM_IRQHandler  stm32f4xx_hal_tim.o
    0x080022a4   0x080022a4   0x00000002   Code   RO         2752    i.HAL_TIM_OC_DelayElapsedCallback  stm32f4xx_hal_tim.o
    0x080022a6   0x080022a6   0x00000002   Code   RO         2779    i.HAL_TIM_PWM_PulseFinishedCallback  stm32f4xx_hal_tim.o
    0x080022a8   0x080022a8   0x000000b4   Code   RO           15    i.HAL_TIM_PeriodElapsedCallback  main.o
    0x0800235c   0x0800235c   0x00000002   Code   RO         2792    i.HAL_TIM_TriggerCallback  stm32f4xx_hal_tim.o
    0x0800235e   0x0800235e   0x00000002   Code   RO          595    i.HardFault_Handler  stm32f4xx_it.o
    0x08002360   0x08002360   0x00000038   Code   RO          454    i.IntToUnicode      usbd_desc.o
    0x08002398   0x08002398   0x00000058   Code   RO           16    i.MX_ADC2_Init      main.o
    0x080023f0   0x080023f0   0x00000080   Code   RO           17    i.MX_GPIO_Init      main.o
    0x08002470   0x08002470   0x00000054   Code   RO           18    i.MX_TIM3_Init      main.o
    0x080024c4   0x080024c4   0x00000054   Code   RO          211    i.MX_USB_DEVICE_Init  usb_device.o
    0x08002518   0x08002518   0x00000002   Code   RO          596    i.MemManage_Handler  stm32f4xx_it.o
    0x0800251a   0x0800251a   0x00000002   Code   RO          597    i.NMI_Handler       stm32f4xx_it.o
    0x0800251c   0x0800251c   0x0000000c   Code   RO          598    i.OTG_FS_IRQHandler  stm32f4xx_it.o
    0x08002528   0x08002528   0x000000dc   Code   RO          767    i.PCD_EP_OutXfrComplete_int  stm32f4xx_hal_pcd.o
    0x08002604   0x08002604   0x000000a2   Code   RO          768    i.PCD_WriteEmptyTxFifo  stm32f4xx_hal_pcd.o
    0x080026a6   0x080026a6   0x00000002   Code   RO          599    i.PendSV_Handler    stm32f4xx_it.o
    0x080026a8   0x080026a8   0x00000002   Code   RO          600    i.SVC_Handler       stm32f4xx_it.o
    0x080026aa   0x080026aa   0x00000004   Code   RO          601    i.SysTick_Handler   stm32f4xx_it.o
    0x080026ae   0x080026ae   0x00000002   PAD
    0x080026b0   0x080026b0   0x00000080   Code   RO           19    i.SystemClock_Config  main.o
    0x08002730   0x08002730   0x0000001c   Code   RO         3633    i.SystemInit        system_stm32f4xx.o
    0x0800274c   0x0800274c   0x0000000c   Code   RO          602    i.TIM3_IRQHandler   stm32f4xx_it.o
    0x08002758   0x08002758   0x000000c8   Code   RO         2794    i.TIM_Base_SetConfig  stm32f4xx_hal_tim.o
    0x08002820   0x08002820   0x00000014   Code   RO         2805    i.TIM_ETR_SetConfig  stm32f4xx_hal_tim.o
    0x08002834   0x08002834   0x00000010   Code   RO         2806    i.TIM_ITRx_SetConfig  stm32f4xx_hal_tim.o
    0x08002844   0x08002844   0x00000022   Code   RO         2812    i.TIM_TI1_ConfigInputStage  stm32f4xx_hal_tim.o
    0x08002866   0x08002866   0x00000024   Code   RO         2814    i.TIM_TI2_ConfigInputStage  stm32f4xx_hal_tim.o
    0x0800288a   0x0800288a   0x0000004a   Code   RO         3933    i.USBD_CDC_DataIn   usbd_cdc.o
    0x080028d4   0x080028d4   0x0000002e   Code   RO         3934    i.USBD_CDC_DataOut  usbd_cdc.o
    0x08002902   0x08002902   0x00000044   Code   RO         3935    i.USBD_CDC_DeInit   usbd_cdc.o
    0x08002946   0x08002946   0x00000024   Code   RO         3936    i.USBD_CDC_EP0_RxReady  usbd_cdc.o
    0x0800296a   0x0800296a   0x00000002   PAD
    0x0800296c   0x0800296c   0x0000000c   Code   RO         3937    i.USBD_CDC_GetDeviceQualifierDescriptor  usbd_cdc.o
    0x08002978   0x08002978   0x0000000c   Code   RO         3938    i.USBD_CDC_GetFSCfgDesc  usbd_cdc.o
    0x08002984   0x08002984   0x0000000c   Code   RO         3939    i.USBD_CDC_GetHSCfgDesc  usbd_cdc.o
    0x08002990   0x08002990   0x0000000c   Code   RO         3940    i.USBD_CDC_GetOtherSpeedCfgDesc  usbd_cdc.o
    0x0800299c   0x0800299c   0x0000008a   Code   RO         3941    i.USBD_CDC_Init     usbd_cdc.o
    0x08002a26   0x08002a26   0x00000026   Code   RO         3942    i.USBD_CDC_ReceivePacket  usbd_cdc.o
    0x08002a4c   0x08002a4c   0x00000010   Code   RO         3943    i.USBD_CDC_RegisterInterface  usbd_cdc.o
    0x08002a5c   0x08002a5c   0x0000000c   Code   RO         3944    i.USBD_CDC_SetRxBuffer  usbd_cdc.o
    0x08002a68   0x08002a68   0x0000000e   Code   RO         3945    i.USBD_CDC_SetTxBuffer  usbd_cdc.o
    0x08002a76   0x08002a76   0x000000ac   Code   RO         3946    i.USBD_CDC_Setup    usbd_cdc.o
    0x08002b22   0x08002b22   0x00000034   Code   RO         3947    i.USBD_CDC_TransmitPacket  usbd_cdc.o
    0x08002b56   0x08002b56   0x0000000e   Code   RO         3670    i.USBD_ClrClassConfig  usbd_core.o
    0x08002b64   0x08002b64   0x00000010   Code   RO         3873    i.USBD_CtlContinueRx  usbd_ioreq.o
    0x08002b74   0x08002b74   0x00000010   Code   RO         3874    i.USBD_CtlContinueSendData  usbd_ioreq.o
    0x08002b84   0x08002b84   0x00000016   Code   RO         3808    i.USBD_CtlError     usbd_ctlreq.o
    0x08002b9a   0x08002b9a   0x0000001e   Code   RO         3875    i.USBD_CtlPrepareRx  usbd_ioreq.o
    0x08002bb8   0x08002bb8   0x00000016   Code   RO         3876    i.USBD_CtlReceiveStatus  usbd_ioreq.o
    0x08002bce   0x08002bce   0x0000001a   Code   RO         3877    i.USBD_CtlSendData  usbd_ioreq.o
    0x08002be8   0x08002be8   0x00000016   Code   RO         3878    i.USBD_CtlSendStatus  usbd_ioreq.o
    0x08002bfe   0x08002bfe   0x00000002   PAD
    0x08002c00   0x08002c00   0x00000020   Code   RO          455    i.USBD_FS_ConfigStrDescriptor  usbd_desc.o
    0x08002c20   0x08002c20   0x0000000c   Code   RO          456    i.USBD_FS_DeviceDescriptor  usbd_desc.o
    0x08002c2c   0x08002c2c   0x00000024   Code   RO          457    i.USBD_FS_InterfaceStrDescriptor  usbd_desc.o
    0x08002c50   0x08002c50   0x0000000c   Code   RO          458    i.USBD_FS_LangIDStrDescriptor  usbd_desc.o
    0x08002c5c   0x08002c5c   0x00000028   Code   RO          459    i.USBD_FS_ManufacturerStrDescriptor  usbd_desc.o
    0x08002c84   0x08002c84   0x0000002c   Code   RO          460    i.USBD_FS_ProductStrDescriptor  usbd_desc.o
    0x08002cb0   0x08002cb0   0x00000038   Code   RO          461    i.USBD_FS_SerialStrDescriptor  usbd_desc.o
    0x08002ce8   0x08002ce8   0x000000e8   Code   RO         3809    i.USBD_GetDescriptor  usbd_ctlreq.o
    0x08002dd0   0x08002dd0   0x00000048   Code   RO         3810    i.USBD_GetString    usbd_ctlreq.o
    0x08002e18   0x08002e18   0x00000018   Code   RO          272    i.USBD_Get_USB_Status  usbd_conf.o
    0x08002e30   0x08002e30   0x0000002a   Code   RO         3672    i.USBD_Init         usbd_core.o
    0x08002e5a   0x08002e5a   0x00000012   Code   RO          273    i.USBD_LL_ClearStallEP  usbd_conf.o
    0x08002e6c   0x08002e6c   0x00000012   Code   RO          274    i.USBD_LL_CloseEP   usbd_conf.o
    0x08002e7e   0x08002e7e   0x000000c6   Code   RO         3673    i.USBD_LL_DataInStage  usbd_core.o
    0x08002f44   0x08002f44   0x00000082   Code   RO         3674    i.USBD_LL_DataOutStage  usbd_core.o
    0x08002fc6   0x08002fc6   0x00000004   Code   RO         3675    i.USBD_LL_DevConnected  usbd_core.o
    0x08002fca   0x08002fca   0x00000016   Code   RO         3676    i.USBD_LL_DevDisconnected  usbd_core.o
    0x08002fe0   0x08002fe0   0x00000008   Code   RO          278    i.USBD_LL_GetRxDataSize  usbd_conf.o
    0x08002fe8   0x08002fe8   0x00000060   Code   RO          279    i.USBD_LL_Init      usbd_conf.o
    0x08003048   0x08003048   0x00000020   Code   RO          280    i.USBD_LL_IsStallEP  usbd_conf.o
    0x08003068   0x08003068   0x00000004   Code   RO         3677    i.USBD_LL_IsoINIncomplete  usbd_core.o
    0x0800306c   0x0800306c   0x00000004   Code   RO         3678    i.USBD_LL_IsoOUTIncomplete  usbd_core.o
    0x08003070   0x08003070   0x00000018   Code   RO          281    i.USBD_LL_OpenEP    usbd_conf.o
    0x08003088   0x08003088   0x00000012   Code   RO          282    i.USBD_LL_PrepareReceive  usbd_conf.o
    0x0800309a   0x0800309a   0x00000050   Code   RO         3679    i.USBD_LL_Reset     usbd_core.o
    0x080030ea   0x080030ea   0x0000000c   Code   RO         3680    i.USBD_LL_Resume    usbd_core.o
    0x080030f6   0x080030f6   0x00000018   Code   RO         3681    i.USBD_LL_SOF       usbd_core.o
    0x0800310e   0x0800310e   0x00000006   Code   RO         3682    i.USBD_LL_SetSpeed  usbd_core.o
    0x08003114   0x08003114   0x00000012   Code   RO          283    i.USBD_LL_SetUSBAddress  usbd_conf.o
    0x08003126   0x08003126   0x0000005a   Code   RO         3683    i.USBD_LL_SetupStage  usbd_core.o
    0x08003180   0x08003180   0x00000012   Code   RO          284    i.USBD_LL_StallEP   usbd_conf.o
    0x08003192   0x08003192   0x00000012   Code   RO          285    i.USBD_LL_Start     usbd_conf.o
    0x080031a4   0x080031a4   0x00000012   Code   RO         3684    i.USBD_LL_Suspend   usbd_core.o
    0x080031b6   0x080031b6   0x00000012   Code   RO          287    i.USBD_LL_Transmit  usbd_conf.o
    0x080031c8   0x080031c8   0x00000028   Code   RO         3811    i.USBD_ParseSetupRequest  usbd_ctlreq.o
    0x080031f0   0x080031f0   0x00000010   Code   RO         3685    i.USBD_RegisterClass  usbd_core.o
    0x08003200   0x08003200   0x00000016   Code   RO         3687    i.USBD_SetClassConfig  usbd_core.o
    0x08003216   0x08003216   0x00000002   PAD
    0x08003218   0x08003218   0x00000084   Code   RO         3812    i.USBD_SetConfig    usbd_ctlreq.o
    0x0800329c   0x0800329c   0x0000000a   Code   RO         3688    i.USBD_Start        usbd_core.o
    0x080032a6   0x080032a6   0x00000112   Code   RO         3813    i.USBD_StdDevReq    usbd_ctlreq.o
    0x080033b8   0x080033b8   0x00000150   Code   RO         3814    i.USBD_StdEPReq     usbd_ctlreq.o
    0x08003508   0x08003508   0x0000004e   Code   RO         3815    i.USBD_StdItfReq    usbd_ctlreq.o
    0x08003556   0x08003556   0x00000002   PAD
    0x08003558   0x08003558   0x00000080   Code   RO          998    i.USB_ActivateEndpoint  stm32f4xx_ll_usb.o
    0x080035d8   0x080035d8   0x00000034   Code   RO         1000    i.USB_ActivateSetup  stm32f4xx_ll_usb.o
    0x0800360c   0x0800360c   0x00000074   Code   RO         1002    i.USB_CoreInit      stm32f4xx_ll_usb.o
    0x08003680   0x08003680   0x00000038   Code   RO         1003    i.USB_CoreReset     stm32f4xx_ll_usb.o
    0x080036b8   0x080036b8   0x00000080   Code   RO         1006    i.USB_DeactivateEndpoint  stm32f4xx_ll_usb.o
    0x08003738   0x08003738   0x00000018   Code   RO         1007    i.USB_DevConnect    stm32f4xx_ll_usb.o
    0x08003750   0x08003750   0x00000018   Code   RO         1008    i.USB_DevDisconnect  stm32f4xx_ll_usb.o
    0x08003768   0x08003768   0x0000018c   Code   RO         1009    i.USB_DevInit       stm32f4xx_ll_usb.o
    0x080038f4   0x080038f4   0x0000000c   Code   RO         1010    i.USB_DisableGlobalInt  stm32f4xx_ll_usb.o
    0x08003900   0x08003900   0x00000118   Code   RO         1013    i.USB_EP0StartXfer  stm32f4xx_ll_usb.o
    0x08003a18   0x08003a18   0x00000058   Code   RO         1014    i.USB_EP0_OutStart  stm32f4xx_ll_usb.o
    0x08003a70   0x08003a70   0x00000058   Code   RO         1015    i.USB_EPClearStall  stm32f4xx_ll_usb.o
    0x08003ac8   0x08003ac8   0x00000058   Code   RO         1016    i.USB_EPSetStall    stm32f4xx_ll_usb.o
    0x08003b20   0x08003b20   0x000001e8   Code   RO         1017    i.USB_EPStartXfer   stm32f4xx_ll_usb.o
    0x08003d08   0x08003d08   0x0000000c   Code   RO         1018    i.USB_EnableGlobalInt  stm32f4xx_ll_usb.o
    0x08003d14   0x08003d14   0x00000020   Code   RO         1019    i.USB_FlushRxFifo   stm32f4xx_ll_usb.o
    0x08003d34   0x08003d34   0x00000024   Code   RO         1020    i.USB_FlushTxFifo   stm32f4xx_ll_usb.o
    0x08003d58   0x08003d58   0x0000001a   Code   RO         1022    i.USB_GetDevSpeed   stm32f4xx_ll_usb.o
    0x08003d72   0x08003d72   0x00000008   Code   RO         1024    i.USB_GetMode       stm32f4xx_ll_usb.o
    0x08003d7a   0x08003d7a   0x0000000e   Code   RO         1031    i.USB_ReadDevAllInEpInterrupt  stm32f4xx_ll_usb.o
    0x08003d88   0x08003d88   0x0000000e   Code   RO         1032    i.USB_ReadDevAllOutEpInterrupt  stm32f4xx_ll_usb.o
    0x08003d96   0x08003d96   0x00000024   Code   RO         1033    i.USB_ReadDevInEPInterrupt  stm32f4xx_ll_usb.o
    0x08003dba   0x08003dba   0x00000010   Code   RO         1034    i.USB_ReadDevOutEPInterrupt  stm32f4xx_ll_usb.o
    0x08003dca   0x08003dca   0x00000008   Code   RO         1035    i.USB_ReadInterrupts  stm32f4xx_ll_usb.o
    0x08003dd2   0x08003dd2   0x0000001c   Code   RO         1036    i.USB_ReadPacket    stm32f4xx_ll_usb.o
    0x08003dee   0x08003dee   0x0000002e   Code   RO         1038    i.USB_SetCurrentMode  stm32f4xx_ll_usb.o
    0x08003e1c   0x08003e1c   0x00000022   Code   RO         1039    i.USB_SetDevAddress  stm32f4xx_ll_usb.o
    0x08003e3e   0x08003e3e   0x00000002   PAD
    0x08003e40   0x08003e40   0x000000e8   Code   RO         1041    i.USB_SetTurnaroundTime  stm32f4xx_ll_usb.o
    0x08003f28   0x08003f28   0x00000024   Code   RO         1044    i.USB_WritePacket   stm32f4xx_ll_usb.o
    0x08003f4c   0x08003f4c   0x00000002   Code   RO          603    i.UsageFault_Handler  stm32f4xx_it.o
    0x08003f4e   0x08003f4e   0x00000002   PAD
    0x08003f50   0x08003f50   0x00000028   Code   RO         4206    i.__0sprintf$6      mc_w.l(printf6.o)
    0x08003f78   0x08003f78   0x00000020   Code   RO         2054    i.__NVIC_SetPriority  stm32f4xx_hal_cortex.o
    0x08003f98   0x08003f98   0x0000000e   Code   RO         4384    i.__scatterload_copy  mc_w.l(handlers.o)
    0x08003fa6   0x08003fa6   0x00000002   Code   RO         4385    i.__scatterload_null  mc_w.l(handlers.o)
    0x08003fa8   0x08003fa8   0x0000000e   Code   RO         4386    i.__scatterload_zeroinit  mc_w.l(handlers.o)
    0x08003fb6   0x08003fb6   0x00000002   PAD
    0x08003fb8   0x08003fb8   0x000002f0   Code   RO         4211    i._printf_core      mc_w.l(printf6.o)
    0x080042a8   0x080042a8   0x00000024   Code   RO         4212    i._printf_post_padding  mc_w.l(printf6.o)
    0x080042cc   0x080042cc   0x0000002e   Code   RO         4213    i._printf_pre_padding  mc_w.l(printf6.o)
    0x080042fa   0x080042fa   0x0000000a   Code   RO         4215    i._sputc            mc_w.l(printf6.o)
    0x08004304   0x08004304   0x00000050   Code   RO         4310    i.free              mc_w.l(malloc.o)
    0x08004354   0x08004354   0x0000005c   Code   RO           20    i.main              main.o
    0x080043b0   0x080043b0   0x0000006c   Code   RO         4311    i.malloc            mc_w.l(malloc.o)
    0x0800441c   0x0800441c   0x00000008   Data   RO         1771    .constdata          stm32f4xx_hal_dma.o
    0x08004424   0x08004424   0x00000010   Data   RO         3634    .constdata          system_stm32f4xx.o
    0x08004434   0x08004434   0x00000020   Data   RO         4382    Region$$Table       anon$$obj.o


    Execution Region RW_IRAM1 (Exec base: 0x20000000, Load base: 0x08004454, Size: 0x000086f8, Max: 0x00020000, ABSOLUTE, COMPRESSED[0x000000c0])

    Exec Addr    Load Addr    Size         Type   Attr      Idx    E Section Name        Object

    0x20000000   COMPRESSED   0x00000010   Data   RW           24    .data               main.o
    0x20000010   COMPRESSED   0x0000001c   Data   RW          463    .data               usbd_desc.o
    0x2000002c   COMPRESSED   0x00000032   Data   RW          464    .data               usbd_desc.o
    0x2000005e   COMPRESSED   0x00000002   PAD
    0x20000060   COMPRESSED   0x00000010   Data   RW          546    .data               usbd_cdc_if.o
    0x20000070   COMPRESSED   0x0000000c   Data   RW         2198    .data               stm32f4xx_hal.o
    0x2000007c   COMPRESSED   0x00000004   Data   RW         3636    .data               system_stm32f4xx.o
    0x20000080   COMPRESSED   0x00000001   Data   RW         3816    .data               usbd_ctlreq.o
    0x20000081   COMPRESSED   0x00000003   PAD
    0x20000084   COMPRESSED   0x000000d7   Data   RW         3948    .data               usbd_cdc.o
    0x2000015b   COMPRESSED   0x00000001   PAD
    0x2000015c   COMPRESSED   0x00000038   Data   RW         3949    .data               usbd_cdc.o
    0x20000194   COMPRESSED   0x00000004   Data   RW         4361    .data               mc_w.l(mvars.o)
    0x20000198   COMPRESSED   0x00000004   Data   RW         4362    .data               mc_w.l(mvars.o)
    0x2000019c        -       0x000075d6   Zero   RW           21    .bss                main.o
    0x20007772   COMPRESSED   0x00000002   PAD
    0x20007774        -       0x00000060   Zero   RW           22    .bss                main.o
    0x200077d4        -       0x0000029c   Zero   RW          212    .bss                usb_device.o
    0x20007a70        -       0x00000408   Zero   RW          288    .bss                usbd_conf.o
    0x20007e78        -       0x00000200   Zero   RW          462    .bss                usbd_desc.o
    0x20008078        -       0x00000080   Zero   RW          545    .bss                usbd_cdc_if.o
    0x200080f8        -       0x00000200   Zero   RW            2    HEAP                startup_stm32f407xx.o
    0x200082f8        -       0x00000400   Zero   RW            1    STACK               startup_stm32f407xx.o


==============================================================================

Image component sizes


      Code (inc. data)   RO Data    RW Data    ZI Data      Debug   Object Name

       704         90          0         16      30262     708465   main.o
        36          8        392          0       1536        844   startup_stm32f407xx.o
       180         28          0         12          0       9477   stm32f4xx_hal.o
      1250         64          0          0          0       7741   stm32f4xx_hal_adc.o
       198         14          0          0          0      34007   stm32f4xx_hal_cortex.o
      1044         16          8          0          0       6775   stm32f4xx_hal_dma.o
       464         46          0          0          0       3061   stm32f4xx_hal_gpio.o
       276         36          0          0          0       2315   stm32f4xx_hal_msp.o
      2372         18          0          0          0      13033   stm32f4xx_hal_pcd.o
        78          0          0          0          0       2441   stm32f4xx_hal_pcd_ex.o
      1276         60          0          0          0       4566   stm32f4xx_hal_rcc.o
       974         44          0          0          0      10157   stm32f4xx_hal_tim.o
       148         28          0          0          0       2497   stm32f4xx_hal_tim_ex.o
        56         18          0          0          0       5594   stm32f4xx_it.o
      2546        140          0          0          0      23051   stm32f4xx_ll_usb.o
        28          6         16          4          0       1155   system_stm32f4xx.o
        84         18          0          0        668       2539   usb_device.o
       714         16          0        271          0      13674   usbd_cdc.o
       112         20          0         16        128       3356   usbd_cdc_if.o
       634         20          0          0       1032      15164   usbd_conf.o
       696          0          0          0          0      12489   usbd_core.o
      1186         28          0          1          0       8204   usbd_ctlreq.o
       288        104          0         78        512       6013   usbd_desc.o
       132          0          0          0          0       4576   usbd_ioreq.o

    ----------------------------------------------------------------------
     15506        822        448        404      34140     901194   Object Totals
         0          0         32          0          0          0   (incl. Generated)
        30          0          0          6          2          0   (incl. Padding)

    ----------------------------------------------------------------------

      Code (inc. data)   RO Data    RW Data    ZI Data      Debug   Library Member Name

        86          0          0          0          0          0   __dczerorl2.o
         0          0          0          0          0          0   entry.o
         0          0          0          0          0          0   entry10a.o
         0          0          0          0          0          0   entry11a.o
         8          4          0          0          0          0   entry2.o
         4          0          0          0          0          0   entry5.o
         0          0          0          0          0          0   entry7b.o
         0          0          0          0          0          0   entry8b.o
         8          4          0          0          0          0   entry9a.o
        30          0          0          0          0          0   handlers.o
        36          8          0          0          0         68   init.o
        30          0          0          0          0         68   llshl.o
        32          0          0          0          0         68   llushr.o
       188         20          0          0          0        160   malloc.o
        36          0          0          0          0         68   memcpya.o
        36          0          0          0          0        108   memseta.o
         0          0          0          8          0          0   mvars.o
       884         10          0          0          0        420   printf6.o
        14          0          0          0          0         68   strlen.o
        44          0          0          0          0         80   uidiv.o
        98          0          0          0          0         92   uldiv.o

    ----------------------------------------------------------------------
      1538         46          0          8          0       1200   Library Totals
         4          0          0          0          0          0   (incl. Padding)

    ----------------------------------------------------------------------

      Code (inc. data)   RO Data    RW Data    ZI Data      Debug   Library Name

      1534         46          0          8          0       1200   mc_w.l

    ----------------------------------------------------------------------
      1538         46          0          8          0       1200   Library Totals

    ----------------------------------------------------------------------

==============================================================================


      Code (inc. data)   RO Data    RW Data    ZI Data      Debug   

     17044        868        448        412      34140     882606   Grand Totals
     17044        868        448        192      34140     882606   ELF Image Totals (compressed)
     17044        868        448        192          0          0   ROM Totals

==============================================================================

    Total RO  Size (Code + RO Data)                17492 (  17.08kB)
    Total RW  Size (RW Data + ZI Data)             34552 (  33.74kB)
    Total ROM Size (Code + RO Data + RW Data)      17684 (  17.27kB)

==============================================================================

